计划：/root/autodl-tmp/CellTracker_rebuild_20261008/experiments/P7_ideas_baseline_recovery_20261009/plan.json；1 个任务
[P7_ideas_full_baseline_seed20261009_eval02_retry1] start
[P7_ideas_full_baseline_seed20261009_eval02_retry1] complete
计划：/root/autodl-tmp/CellTracker_rebuild_20261008/experiments/P7_ideas_ablation_matrix_20261009/plan.json；48 个任务
[P7_ideas_ablate_isolated_calibration01] start
[P7_ideas_ablate_isolated_calibration01] complete
[P7_ideas_ablate_isolated_build01] start
[P7_ideas_ablate_isolated_build01] complete
[P7_ideas_ablate_isolated_seed20261008_train] start
[P7_ideas_ablate_isolated_seed20261008_train] complete
[P7_ideas_ablate_isolated_seed20261008_eval01] start
[P7_ideas_ablate_isolated_seed20261008_eval01] complete
[P7_ideas_ablate_isolated_seed20261008_eval02] start
[P7_ideas_ablate_isolated_seed20261008_eval02] complete
[P7_ideas_ablate_isolated_seed20261009_train] start
[P7_ideas_ablate_isolated_seed20261009_train] complete
[P7_ideas_ablate_isolated_seed20261009_eval01] start
[P7_ideas_ablate_isolated_seed20261009_eval01] complete
[P7_ideas_ablate_isolated_seed20261009_eval02] start
[P7_ideas_ablate_isolated_seed20261009_eval02] complete
[P7_ideas_ablate_fgw_calibration01] start
[P7_ideas_ablate_fgw_calibration01] complete
[P7_ideas_ablate_fgw_build01] start
[P7_ideas_ablate_fgw_build01] complete
[P7_ideas_ablate_fgw_seed20261008_train] start
[P7_ideas_ablate_fgw_seed20261008_train] complete
[P7_ideas_ablate_fgw_seed20261008_eval01] start
[P7_ideas_ablate_fgw_seed20261008_eval01] complete
[P7_ideas_ablate_fgw_seed20261008_eval02] start
[P7_ideas_ablate_fgw_seed20261008_eval02] complete
[P7_ideas_ablate_fgw_seed20261009_train] start
[P7_ideas_ablate_fgw_seed20261009_train] complete
[P7_ideas_ablate_fgw_seed20261009_eval01] start
[P7_ideas_ablate_fgw_seed20261009_eval01] complete
[P7_ideas_ablate_fgw_seed20261009_eval02] start
[P7_ideas_ablate_fgw_seed20261009_eval02] complete
[P7_ideas_ablate_multiscale_calibration01] start
[P7_ideas_ablate_multiscale_calibration01] complete
[P7_ideas_ablate_multiscale_build01] start
[P7_ideas_ablate_multiscale_build01] complete
[P7_ideas_ablate_multiscale_seed20261008_train] start
[P7_ideas_ablate_multiscale_seed20261008_train] complete
[P7_ideas_ablate_multiscale_seed20261008_eval01] start
[P7_ideas_ablate_multiscale_seed20261008_eval01] complete
[P7_ideas_ablate_multiscale_seed20261008_eval02] start
[P7_ideas_ablate_multiscale_seed20261008_eval02] complete
[P7_ideas_ablate_multiscale_seed20261009_train] start
[P7_ideas_ablate_multiscale_seed20261009_train] complete
[P7_ideas_ablate_multiscale_seed20261009_eval01] start
[P7_ideas_ablate_multiscale_seed20261009_eval01] complete
[P7_ideas_ablate_multiscale_seed20261009_eval02] start
[P7_ideas_ablate_multiscale_seed20261009_eval02] complete
[P7_ideas_ablate_motion_calibration01] start
[P7_ideas_ablate_motion_calibration01] complete
[P7_ideas_ablate_motion_build01] start
[P7_ideas_ablate_motion_build01] complete
[P7_ideas_ablate_motion_seed20261008_train] start
[P7_ideas_ablate_motion_seed20261008_train] complete
[P7_ideas_ablate_motion_seed20261008_eval01] start
[P7_ideas_ablate_motion_seed20261008_eval01] complete
[P7_ideas_ablate_motion_seed20261008_eval02] start
[P7_ideas_ablate_motion_seed20261008_eval02] complete
[P7_ideas_ablate_motion_seed20261009_train] start
[P7_ideas_ablate_motion_seed20261009_train] complete
[P7_ideas_ablate_motion_seed20261009_eval01] start
[P7_ideas_ablate_motion_seed20261009_eval01] complete
[P7_ideas_ablate_motion_seed20261009_eval02] start
[P7_ideas_ablate_motion_seed20261009_eval02] complete
[P7_ideas_ablate_tracklet_calibration01] start
[P7_ideas_ablate_tracklet_calibration01] complete
[P7_ideas_ablate_tracklet_build01] start
[P7_ideas_ablate_tracklet_build01] complete
[P7_ideas_ablate_tracklet_seed20261008_train] start
[P7_ideas_ablate_tracklet_seed20261008_train] complete
[P7_ideas_ablate_tracklet_seed20261008_eval01] start
[P7_ideas_ablate_tracklet_seed20261008_eval01] complete
[P7_ideas_ablate_tracklet_seed20261008_eval02] start
[P7_ideas_ablate_tracklet_seed20261008_eval02] complete
[P7_ideas_ablate_tracklet_seed20261009_train] start
[P7_ideas_ablate_tracklet_seed20261009_train] complete
[P7_ideas_ablate_tracklet_seed20261009_eval01] start
[P7_ideas_ablate_tracklet_seed20261009_eval01] complete
[P7_ideas_ablate_tracklet_seed20261009_eval02] start
[P7_ideas_ablate_tracklet_seed20261009_eval02] complete
[P7_ideas_ablate_ot_loss_calibration01] start
[P7_ideas_ablate_ot_loss_calibration01] complete
[P7_ideas_ablate_ot_loss_build01] start
[P7_ideas_ablate_ot_loss_build01] complete
[P7_ideas_ablate_ot_loss_seed20261008_train] start
[P7_ideas_ablate_ot_loss_seed20261008_train] complete
[P7_ideas_ablate_ot_loss_seed20261008_eval01] start
[P7_ideas_ablate_ot_loss_seed20261008_eval01] complete
[P7_ideas_ablate_ot_loss_seed20261008_eval02] start
[P7_ideas_ablate_ot_loss_seed20261008_eval02] complete
[P7_ideas_ablate_ot_loss_seed20261009_train] start
[P7_ideas_ablate_ot_loss_seed20261009_train] complete
[P7_ideas_ablate_ot_loss_seed20261009_eval01] start
[P7_ideas_ablate_ot_loss_seed20261009_eval01] complete
[P7_ideas_ablate_ot_loss_seed20261009_eval02] start
[P7_ideas_ablate_ot_loss_seed20261009_eval02] complete
