[15:31:29] experiment P7_ideas_v3_paper_all_k16_baseline_seed20261008_train start: ideas GNN 独立训练
[epoch   1] P=0.8059 R=0.8430 F1=0.8240
[epoch   2] P=0.8309 R=0.8254 F1=0.8282
[epoch   3] P=0.8646 R=0.8224 F1=0.8430
[epoch   4] P=0.8689 R=0.8643 F1=0.8666
[epoch   5] P=0.8579 R=0.8627 F1=0.8603
[epoch   6] P=0.9084 R=0.8406 F1=0.8732
[epoch   7] P=0.9383 R=0.7809 F1=0.8524
[epoch   8] P=0.9380 R=0.8347 F1=0.8833
[epoch   9] P=0.9491 R=0.8177 F1=0.8785
[epoch  10] P=0.9239 R=0.8284 F1=0.8735
[epoch  11] P=0.9159 R=0.8699 F1=0.8923
[epoch  12] P=0.9530 R=0.8181 F1=0.8804
[epoch  13] P=0.9424 R=0.8481 F1=0.8928
[epoch  14] P=0.9620 R=0.7841 F1=0.8640
[epoch  15] P=0.9558 R=0.8219 F1=0.8838
[epoch  16] P=0.9378 R=0.8594 F1=0.8969
[epoch  17] P=0.9523 R=0.8216 F1=0.8821
[epoch  18] P=0.9405 R=0.8595 F1=0.8982
[epoch  19] P=0.9238 R=0.8792 F1=0.9010
[epoch  20] P=0.9480 R=0.8351 F1=0.8880
[epoch  21] P=0.9237 R=0.8735 F1=0.8979
[epoch  22] P=0.9512 R=0.8159 F1=0.8784
[epoch  23] P=0.9456 R=0.8075 F1=0.8711
[epoch  24] P=0.9383 R=0.8591 F1=0.8970
[epoch  25] P=0.9421 R=0.8532 F1=0.8954
[epoch  26] P=0.9389 R=0.8637 F1=0.8997
[epoch  27] P=0.9357 R=0.8630 F1=0.8979
[epoch  28] P=0.9646 R=0.7892 F1=0.8681
[epoch  29] P=0.9425 R=0.8501 F1=0.8939
[epoch  30] P=0.9233 R=0.8897 F1=0.9062
[epoch  31] P=0.9460 R=0.8492 F1=0.8950
[epoch  32] P=0.9525 R=0.8309 F1=0.8876
[epoch  33] P=0.9327 R=0.8755 F1=0.9032
[epoch  34] P=0.9594 R=0.8023 F1=0.8738
[epoch  35] P=0.9369 R=0.8778 F1=0.9064
[epoch  36] P=0.9280 R=0.8853 F1=0.9061
[epoch  37] P=0.9184 R=0.8866 F1=0.9022
[epoch  38] P=0.9414 R=0.8300 F1=0.8822
[epoch  39] P=0.9484 R=0.8422 F1=0.8921
[epoch  40] P=0.9520 R=0.8371 F1=0.8909
[epoch  41] P=0.9262 R=0.8904 F1=0.9079
[epoch  42] P=0.9290 R=0.8828 F1=0.9053
[epoch  43] P=0.9378 R=0.8629 F1=0.8988
[epoch  44] P=0.9361 R=0.8560 F1=0.8943
[epoch  45] P=0.9383 R=0.8689 F1=0.9022
[epoch  46] P=0.9335 R=0.8750 F1=0.9033
[epoch  47] P=0.9339 R=0.8731 F1=0.9025
[epoch  48] P=0.9027 R=0.9120 F1=0.9073
[epoch  49] P=0.9563 R=0.8304 F1=0.8889
[epoch  50] P=0.9352 R=0.8733 F1=0.9032
[epoch  51] P=0.9358 R=0.8601 F1=0.8963
[epoch  52] P=0.9241 R=0.8897 F1=0.9066
[epoch  53] P=0.9546 R=0.8191 F1=0.8817
[epoch  54] P=0.9431 R=0.8254 F1=0.8803
[epoch  55] P=0.9387 R=0.8543 F1=0.8945
[epoch  56] P=0.8986 R=0.8985 F1=0.8985
[epoch  57] P=0.9217 R=0.8892 F1=0.9052
[epoch  58] P=0.9114 R=0.8863 F1=0.8987
[epoch  59] P=0.9446 R=0.8533 F1=0.8966
[epoch  60] P=0.9426 R=0.8423 F1=0.8896
[15:32:10] metrics -> /root/autodl-tmp/CellTracker_rebuild_20261008/experiments/P7_ideas_v3_paper_all_k16_baseline_seed20261008_train/metrics.json
[15:32:10] experiment P7_ideas_v3_paper_all_k16_baseline_seed20261008_train finished: done
{
  "out_dir": "/root/autodl-tmp/CellTracker_rebuild_20261008/experiments/P7_ideas_v3_paper_all_k16_matrix_20261009/models/baseline/seed20261008",
  "best_f1": 0.9079300453409826,
  "node_dim": 133,
  "edge_dim": 10,
  "split_mode": "block",
  "n_train": 152,
  "n_val": 38,
  "checkpoints": {
    "best.pt": {
      "bytes": 1173854,
      "sha256": "59c46348f1b186d3f83aa068bdf9aaf4eef5c65a3859b84142a8193f031d184a"
    },
    "last.pt": {
      "bytes": 1185662,
      "sha256": "fca146ca3a4981268338775e77387153202759ee4738f5b434585009ab75f9a6"
    }
  }
}
