[12:32:34] experiment GNN_seed20261009_4d01aaac start: ideas GNN 独立训练
[epoch   1] P=0.8472 R=0.7857 F1=0.8153
[epoch   2] P=0.8480 R=0.7907 F1=0.8183
[epoch   3] P=0.8837 R=0.7173 F1=0.7919
[epoch   4] P=0.8999 R=0.6983 F1=0.7864
[epoch   5] P=0.9369 R=0.6302 F1=0.7536
[epoch   6] P=0.9439 R=0.6356 F1=0.7597
[epoch   7] P=0.9364 R=0.6846 F1=0.7910
[epoch   8] P=0.9426 R=0.7208 F1=0.8169
[epoch   9] P=0.9478 R=0.6826 F1=0.7937
[epoch  10] P=0.9624 R=0.6788 F1=0.7961
[epoch  11] P=0.9732 R=0.6479 F1=0.7779
[epoch  12] P=0.9820 R=0.6063 F1=0.7497
[epoch  13] P=0.9696 R=0.6948 F1=0.8095
[epoch  14] P=0.9823 R=0.6193 F1=0.7596
[epoch  15] P=0.9506 R=0.7578 F1=0.8433
[epoch  16] P=0.9711 R=0.7335 F1=0.8358
[epoch  17] P=0.9659 R=0.7359 F1=0.8354
[epoch  18] P=0.9757 R=0.7193 F1=0.8281
[epoch  19] P=0.9722 R=0.7246 F1=0.8303
[epoch  20] P=0.9758 R=0.7250 F1=0.8319
[epoch  21] P=0.9725 R=0.7351 F1=0.8373
[epoch  22] P=0.9724 R=0.7518 F1=0.8480
[epoch  23] P=0.9672 R=0.7542 F1=0.8475
[epoch  24] P=0.9752 R=0.7297 F1=0.8348
[epoch  25] P=0.9792 R=0.6913 F1=0.8104
[epoch  26] P=0.9638 R=0.7617 F1=0.8509
[epoch  27] P=0.9795 R=0.7362 F1=0.8406
[epoch  28] P=0.9657 R=0.7593 F1=0.8501
[epoch  29] P=0.9671 R=0.7594 F1=0.8507
[epoch  30] P=0.9744 R=0.7527 F1=0.8493
[epoch  31] P=0.9606 R=0.7739 F1=0.8572
[epoch  32] P=0.9803 R=0.7063 F1=0.8211
[epoch  33] P=0.9733 R=0.7395 F1=0.8405
[epoch  34] P=0.9817 R=0.7177 F1=0.8292
[epoch  35] P=0.9584 R=0.7832 F1=0.8620
[epoch  36] P=0.9697 R=0.7676 F1=0.8569
[epoch  37] P=0.9724 R=0.7532 F1=0.8488
[epoch  38] P=0.9701 R=0.7322 F1=0.8345
[epoch  39] P=0.9785 R=0.7376 F1=0.8411
[epoch  40] P=0.9805 R=0.7229 F1=0.8322
[epoch  41] P=0.9781 R=0.7369 F1=0.8406
[epoch  42] P=0.9824 R=0.7086 F1=0.8233
[epoch  43] P=0.9845 R=0.6992 F1=0.8177
[epoch  44] P=0.9643 R=0.7697 F1=0.8561
[epoch  45] P=0.9707 R=0.7544 F1=0.8490
[epoch  46] P=0.9694 R=0.7526 F1=0.8473
[epoch  47] P=0.9746 R=0.7572 F1=0.8523
[epoch  48] P=0.9747 R=0.7406 F1=0.8417
[epoch  49] P=0.9712 R=0.7466 F1=0.8442
[epoch  50] P=0.9730 R=0.7541 F1=0.8497
[epoch  51] P=0.9770 R=0.7444 F1=0.8450
[epoch  52] P=0.9689 R=0.7729 F1=0.8598
[epoch  53] P=0.9625 R=0.7659 F1=0.8530
[epoch  54] P=0.9826 R=0.7010 F1=0.8183
[epoch  55] P=0.9825 R=0.7145 F1=0.8273
[epoch  56] P=0.9744 R=0.7320 F1=0.8360
[epoch  57] P=0.9841 R=0.7172 F1=0.8298
[epoch  58] P=0.9734 R=0.7484 F1=0.8462
[epoch  59] P=0.9766 R=0.7448 F1=0.8451
[epoch  60] P=0.9669 R=0.7706 F1=0.8577
[12:33:15] metrics -> /root/autodl-tmp/CellTracker_rebuild_20261008/experiments/GNN_seed20261009_4d01aaac/metrics.json
[12:33:15] experiment GNN_seed20261009_4d01aaac finished: done
{
  "out_dir": "/root/autodl-tmp/CellTracker_rebuild_20261008/experiments/P7_ideas_baseline_matrix_20261009/models/baseline/seed20261009",
  "best_f1": 0.8619700683109975,
  "node_dim": 133,
  "edge_dim": 10,
  "split_mode": "block",
  "n_train": 152,
  "n_val": 38,
  "checkpoints": {
    "best.pt": {
      "bytes": 1172766,
      "sha256": "79bbb5aafed0db36fd818f12a230bcf416fa91d97435462d1460e8609152f8fb"
    },
    "last.pt": {
      "bytes": 1185470,
      "sha256": "8cdb154e530140503aef07e592d1f69f8437ad7d3516afae1d2fa722ae0a633b"
    }
  }
}
