[epoch   1] P=0.8527 R=0.7785 F1=0.8139
[epoch   2] P=0.8638 R=0.7646 F1=0.8112
[epoch   3] P=0.8878 R=0.7317 F1=0.8022
[epoch   4] P=0.9111 R=0.7074 F1=0.7964
[epoch   5] P=0.9008 R=0.7485 F1=0.8176
[epoch   6] P=0.9330 R=0.7051 F1=0.8032
[epoch   7] P=0.9320 R=0.7540 F1=0.8336
[epoch   8] P=0.9662 R=0.6828 F1=0.8002
[epoch   9] P=0.9675 R=0.6707 F1=0.7922
[epoch  10] P=0.9835 R=0.6164 F1=0.7578
[epoch  11] P=0.9685 R=0.7190 F1=0.8253
[epoch  12] P=0.9740 R=0.6961 F1=0.8119
[epoch  13] P=0.9678 R=0.7396 F1=0.8384
[epoch  14] P=0.9895 R=0.6063 F1=0.7519
[epoch  15] P=0.9809 R=0.6876 F1=0.8085
[epoch  16] P=0.9605 R=0.7897 F1=0.8668
[epoch  17] P=0.9716 R=0.7080 F1=0.8191
[epoch  18] P=0.9865 R=0.6652 F1=0.7946
[epoch  19] P=0.9798 R=0.7267 F1=0.8345
[epoch  20] P=0.9644 R=0.7597 F1=0.8499
[epoch  21] P=0.9822 R=0.6903 F1=0.8108
[epoch  22] P=0.9809 R=0.6906 F1=0.8105
[epoch  23] P=0.9827 R=0.7050 F1=0.8210
[epoch  24] P=0.9789 R=0.7206 F1=0.8301
[epoch  25] P=0.9744 R=0.7461 F1=0.8451
[epoch  26] P=0.9856 R=0.6798 F1=0.8046
[epoch  27] P=0.9823 R=0.6998 F1=0.8173
[epoch  28] P=0.9820 R=0.7042 F1=0.8202
[epoch  29] P=0.9862 R=0.6796 F1=0.8047
[epoch  30] P=0.9772 R=0.7523 F1=0.8501
[epoch  31] P=0.9791 R=0.7294 F1=0.8360
[epoch  32] P=0.9811 R=0.7177 F1=0.8290
[epoch  33] P=0.9792 R=0.7321 F1=0.8378
[epoch  34] P=0.9790 R=0.7343 F1=0.8392
[epoch  35] P=0.9712 R=0.7695 F1=0.8587
[epoch  36] P=0.9732 R=0.7470 F1=0.8452
[epoch  37] P=0.9821 R=0.7187 F1=0.8300
[epoch  38] P=0.9839 R=0.7085 F1=0.8238
[epoch  39] P=0.9811 R=0.7069 F1=0.8217
[epoch  40] P=0.9727 R=0.7475 F1=0.8454
[epoch  41] P=0.9665 R=0.7712 F1=0.8579
[epoch  42] P=0.9777 R=0.7351 F1=0.8392
[epoch  43] P=0.9849 R=0.6870 F1=0.8094
[epoch  44] P=0.9791 R=0.7242 F1=0.8326
[epoch  45] P=0.9818 R=0.7062 F1=0.8215
[epoch  46] P=0.9687 R=0.7658 F1=0.8554
[epoch  47] P=0.9765 R=0.7426 F1=0.8436
[epoch  48] P=0.9731 R=0.7565 F1=0.8512
[epoch  49] P=0.9798 R=0.7049 F1=0.8200
[epoch  50] P=0.9807 R=0.7045 F1=0.8200
[epoch  51] P=0.9757 R=0.7227 F1=0.8304
[epoch  52] P=0.9796 R=0.7338 F1=0.8391
[epoch  53] P=0.9840 R=0.6713 F1=0.7981
[epoch  54] P=0.9755 R=0.7364 F1=0.8392
[epoch  55] P=0.9784 R=0.7333 F1=0.8383
[epoch  56] P=0.9738 R=0.7433 F1=0.8431
[epoch  57] P=0.9830 R=0.7057 F1=0.8216
[epoch  58] P=0.9725 R=0.7688 F1=0.8587
[epoch  59] P=0.9759 R=0.7333 F1=0.8374
[epoch  60] P=0.9840 R=0.6897 F1=0.8110
{
  "out_dir": "/root/autodl-tmp/CellTracker_rebuild_20261008/experiments/P7_ideas_baseline_matrix_20261009/models/baseline/seed20261008",
  "best_f1": 0.866770670826833,
  "node_dim": 133,
  "edge_dim": 10,
  "split_mode": "block",
  "n_train": 152,
  "n_val": 38,
  "checkpoints": {
    "best.pt": {
      "bytes": 1170206,
      "sha256": "1c75c9a7f3ea0512d1231797d36b6677e439746fde56f1ba3e5a9523bfbf82c5"
    },
    "last.pt": {
      "bytes": 1185406,
      "sha256": "f37cce48cf06a548011a94831e93b57c66c93a0e7ee61623fe72da8694205ebd"
    }
  }
}
