[14:00:53] experiment P7_ideas_ablate_tracklet_seed20261009_train start: ideas GNN 独立训练
[epoch   1] P=0.8494 R=0.7813 F1=0.8139
[epoch   2] P=0.8439 R=0.8015 F1=0.8222
[epoch   3] P=0.8731 R=0.7475 F1=0.8054
[epoch   4] P=0.9083 R=0.6915 F1=0.7852
[epoch   5] P=0.9183 R=0.6927 F1=0.7897
[epoch   6] P=0.9655 R=0.5676 F1=0.7149
[epoch   7] P=0.9454 R=0.6587 F1=0.7765
[epoch   8] P=0.9506 R=0.6917 F1=0.8008
[epoch   9] P=0.9677 R=0.6445 F1=0.7737
[epoch  10] P=0.9575 R=0.7001 F1=0.8088
[epoch  11] P=0.9648 R=0.6723 F1=0.7924
[epoch  12] P=0.9792 R=0.6595 F1=0.7881
[epoch  13] P=0.9660 R=0.7284 F1=0.8306
[epoch  14] P=0.9758 R=0.6849 F1=0.8049
[epoch  15] P=0.9686 R=0.7264 F1=0.8302
[epoch  16] P=0.9685 R=0.7394 F1=0.8386
[epoch  17] P=0.9631 R=0.7459 F1=0.8407
[epoch  18] P=0.9746 R=0.7374 F1=0.8396
[epoch  19] P=0.9740 R=0.7315 F1=0.8355
[epoch  20] P=0.9758 R=0.7340 F1=0.8378
[epoch  21] P=0.9715 R=0.7505 F1=0.8468
[epoch  22] P=0.9789 R=0.7230 F1=0.8317
[epoch  23] P=0.9802 R=0.7242 F1=0.8330
[epoch  24] P=0.9836 R=0.6881 F1=0.8098
[epoch  25] P=0.9836 R=0.7042 F1=0.8208
[epoch  26] P=0.9670 R=0.7449 F1=0.8416
[epoch  27] P=0.9722 R=0.7405 F1=0.8407
[epoch  28] P=0.9758 R=0.7195 F1=0.8283
[epoch  29] P=0.9686 R=0.7375 F1=0.8374
[epoch  30] P=0.9709 R=0.7537 F1=0.8487
[epoch  31] P=0.9713 R=0.7561 F1=0.8503
[epoch  32] P=0.9858 R=0.6856 F1=0.8087
[epoch  33] P=0.9722 R=0.7425 F1=0.8419
[epoch  34] P=0.9758 R=0.7465 F1=0.8459
[epoch  35] P=0.9728 R=0.7533 F1=0.8491
[epoch  36] P=0.9787 R=0.7355 F1=0.8399
[epoch  37] P=0.9779 R=0.7264 F1=0.8336
[epoch  38] P=0.9728 R=0.7427 F1=0.8423
[epoch  39] P=0.9764 R=0.7451 F1=0.8452
[epoch  40] P=0.9808 R=0.7316 F1=0.8380
[epoch  41] P=0.9813 R=0.7158 F1=0.8278
[epoch  42] P=0.9710 R=0.7580 F1=0.8514
[epoch  43] P=0.9627 R=0.7885 F1=0.8670
[epoch  44] P=0.9825 R=0.6980 F1=0.8162
[epoch  45] P=0.9744 R=0.7362 F1=0.8387
[epoch  46] P=0.9747 R=0.7445 F1=0.8441
[epoch  47] P=0.9724 R=0.7519 F1=0.8481
[epoch  48] P=0.9811 R=0.7103 F1=0.8240
[epoch  49] P=0.9718 R=0.7415 F1=0.8412
[epoch  50] P=0.9720 R=0.7575 F1=0.8515
[epoch  51] P=0.9762 R=0.7415 F1=0.8428
[epoch  52] P=0.9485 R=0.8185 F1=0.8787
[epoch  53] P=0.9308 R=0.8013 F1=0.8612
[epoch  54] P=0.9777 R=0.7102 F1=0.8228
[epoch  55] P=0.9770 R=0.7278 F1=0.8341
[epoch  56] P=0.9658 R=0.7639 F1=0.8531
[epoch  57] P=0.9780 R=0.7343 F1=0.8388
[epoch  58] P=0.9746 R=0.7556 F1=0.8513
[epoch  59] P=0.9743 R=0.7270 F1=0.8327
[epoch  60] P=0.9777 R=0.7452 F1=0.8458
[14:01:33] metrics -> /root/autodl-tmp/CellTracker_rebuild_20261008/experiments/P7_ideas_ablate_tracklet_seed20261009_train/metrics.json
[14:01:33] experiment P7_ideas_ablate_tracklet_seed20261009_train finished: done
{
  "out_dir": "/root/autodl-tmp/CellTracker_rebuild_20261008/experiments/P7_ideas_ablation_matrix_20261009/models/tracklet/seed20261009",
  "best_f1": 0.8787092176922685,
  "node_dim": 133,
  "edge_dim": 10,
  "split_mode": "block",
  "n_train": 152,
  "n_val": 38,
  "checkpoints": {
    "best.pt": {
      "bytes": 1175006,
      "sha256": "9a5633b8596299bd963c90df1ea28961df9aaaf89e5c8f573ef28923c76ab5af"
    },
    "last.pt": {
      "bytes": 1185406,
      "sha256": "330728ba1672eeb5a98c0509c1d8a5acfa41eb50b5eb221621877411f0b48087"
    }
  }
}
