[13:43:47] experiment P7_ideas_ablate_motion_seed20261009_train start: ideas GNN 独立训练
[epoch   1] P=0.8251 R=0.8452 F1=0.8351
[epoch   2] P=0.8722 R=0.7607 F1=0.8127
[epoch   3] P=0.8692 R=0.7938 F1=0.8298
[epoch   4] P=0.9253 R=0.7220 F1=0.8111
[epoch   5] P=0.9056 R=0.8320 F1=0.8672
[epoch   6] P=0.9713 R=0.6512 F1=0.7796
[epoch   7] P=0.9496 R=0.7396 F1=0.8315
[epoch   8] P=0.9743 R=0.7184 F1=0.8270
[epoch   9] P=0.9731 R=0.7053 F1=0.8178
[epoch  10] P=0.9706 R=0.7510 F1=0.8468
[epoch  11] P=0.9831 R=0.6661 F1=0.7941
[epoch  12] P=0.9795 R=0.7301 F1=0.8366
[epoch  13] P=0.9685 R=0.8043 F1=0.8788
[epoch  14] P=0.9797 R=0.7465 F1=0.8474
[epoch  15] P=0.9790 R=0.7634 F1=0.8578
[epoch  16] P=0.9612 R=0.8368 F1=0.8947
[epoch  17] P=0.9624 R=0.8325 F1=0.8928
[epoch  18] P=0.9698 R=0.8132 F1=0.8846
[epoch  19] P=0.9754 R=0.7815 F1=0.8677
[epoch  20] P=0.9669 R=0.8294 F1=0.8929
[epoch  21] P=0.9747 R=0.8095 F1=0.8844
[epoch  22] P=0.9737 R=0.8021 F1=0.8796
[epoch  23] P=0.9808 R=0.7638 F1=0.8588
[epoch  24] P=0.9791 R=0.7543 F1=0.8521
[epoch  25] P=0.9771 R=0.7788 F1=0.8667
[epoch  26] P=0.9580 R=0.8491 F1=0.9003
[epoch  27] P=0.9732 R=0.8010 F1=0.8787
[epoch  28] P=0.9679 R=0.7991 F1=0.8754
[epoch  29] P=0.9631 R=0.8402 F1=0.8975
[epoch  30] P=0.9749 R=0.7795 F1=0.8663
[epoch  31] P=0.9543 R=0.8506 F1=0.8995
[epoch  32] P=0.9848 R=0.7183 F1=0.8307
[epoch  33] P=0.9647 R=0.8268 F1=0.8904
[epoch  34] P=0.9787 R=0.7793 F1=0.8677
[epoch  35] P=0.9543 R=0.8522 F1=0.9003
[epoch  36] P=0.9691 R=0.8244 F1=0.8909
[epoch  37] P=0.9629 R=0.8340 F1=0.8938
[epoch  38] P=0.9720 R=0.8081 F1=0.8825
[epoch  39] P=0.9794 R=0.7699 F1=0.8621
[epoch  40] P=0.9767 R=0.7974 F1=0.8780
[epoch  41] P=0.9699 R=0.8132 F1=0.8847
[epoch  42] P=0.9720 R=0.8127 F1=0.8853
[epoch  43] P=0.9656 R=0.8266 F1=0.8907
[epoch  44] P=0.9758 R=0.7864 F1=0.8709
[epoch  45] P=0.9705 R=0.8109 F1=0.8836
[epoch  46] P=0.9555 R=0.8624 F1=0.9066
[epoch  47] P=0.9602 R=0.8401 F1=0.8962
[epoch  48] P=0.9765 R=0.7702 F1=0.8611
[epoch  49] P=0.9527 R=0.8603 F1=0.9041
[epoch  50] P=0.9644 R=0.8376 F1=0.8965
[epoch  51] P=0.9739 R=0.8028 F1=0.8801
[epoch  52] P=0.9671 R=0.8220 F1=0.8887
[epoch  53] P=0.9586 R=0.8434 F1=0.8974
[epoch  54] P=0.9701 R=0.8271 F1=0.8929
[epoch  55] P=0.9700 R=0.8149 F1=0.8857
[epoch  56] P=0.9638 R=0.8355 F1=0.8951
[epoch  57] P=0.9618 R=0.8366 F1=0.8948
[epoch  58] P=0.9581 R=0.8453 F1=0.8982
[epoch  59] P=0.9606 R=0.8379 F1=0.8950
[epoch  60] P=0.9612 R=0.8399 F1=0.8965
[13:44:25] metrics -> /root/autodl-tmp/CellTracker_rebuild_20261008/experiments/P7_ideas_ablate_motion_seed20261009_train/metrics.json
[13:44:25] experiment P7_ideas_ablate_motion_seed20261009_train finished: done
{
  "out_dir": "/root/autodl-tmp/CellTracker_rebuild_20261008/experiments/P7_ideas_ablation_matrix_20261009/models/motion/seed20261009",
  "best_f1": 0.9065550906555091,
  "node_dim": 133,
  "edge_dim": 10,
  "split_mode": "block",
  "n_train": 152,
  "n_val": 38,
  "checkpoints": {
    "best.pt": {
      "bytes": 1173726,
      "sha256": "7045bc74090331583c273093f4df907fc6013893a6556b6be2eb174412c4f302"
    },
    "last.pt": {
      "bytes": 1184958,
      "sha256": "f10c31acb69f1e79a756cd0ed36ac01537ea27d5be5501fbfd665da62c4f96fb"
    }
  }
}
