[load] 195 帧；检测=nnunet_pred；外观=encoder_npz (0.3s)
[motion] 运动先验初始化完成 (0.0s)
[couplings] 194 对相邻帧耦合 (13.3s)
[multiscale] 多尺度=True；桥接耦合=193 (29.0s)
[decision] 4815 条轨迹 (2.3s)
[tracklet] 二层 OT=True；最终 4450 条轨迹 (1.2s)
{
  "counts": {
    "true_detection_pairs": 22406,
    "within_physical_gate": 22384,
    "after_candidates": 22384,
    "all_candidate_pairs": 179362,
    "division_pairs": 674,
    "division_candidates": 667,
    "candidate_true_recall": 0.9990181201463894,
    "division_pair_recall": 0.9896142433234422
  },
  "distributions": {
    "true_gamma": {
      "n": 22406,
      "min": 0.0,
      "max": 0.6657253737767568,
      "p0.1": 1.72613774283156e-10,
      "p1": 0.0002135714068530114,
      "p5": 0.015894842652820464,
      "p50": 0.40337932066448934,
      "p95": 0.5730913499588536,
      "p99": 0.6150606038104056,
      "p99.9": 0.6465579055121269
    },
    "true_cost": {
      "n": 22384,
      "min": 0.0021212208683239722,
      "max": 59.14294588327837,
      "p0.1": 0.006776800320686616,
      "p1": 0.02035421164017351,
      "p5": 0.05557308753782056,
      "p50": 0.4810592480582695,
      "p95": 9.074334740410416,
      "p99": 19.87285914489174,
      "p99.9": 35.71575300320205
    },
    "true_displacement_um": {
      "n": 22406,
      "min": 0.015784675803128527,
      "max": 9.47782203583886,
      "p0.1": 0.06577079530878246,
      "p1": 0.1244180930969185,
      "p5": 0.21705775289676457,
      "p50": 0.6629748228049455,
      "p95": 2.744037867370399,
      "p99": 4.178483026580397,
      "p99.9": 6.331932917218136
    },
    "live_out_mass": {
      "n": 21169,
      "min": 1.9372153371338355e-05,
      "max": 1.224543124961323,
      "p0.1": 0.00037685362446481706,
      "p1": 0.007446982070196031,
      "p5": 0.04550039540058423,
      "p50": 0.4350086100105118,
      "p95": 0.6141655974313295,
      "p99": 0.7860880215751569,
      "p99.9": 0.9526029512707336
    },
    "no_successor_out_mass": {
      "n": 57,
      "min": 2.7836099241198687e-09,
      "max": 1.197022715893508,
      "p0.1": 3.055475233508259e-07,
      "p1": 3.0304227441911806e-06,
      "p5": 0.00015231914476731304,
      "p50": 0.6225570742413759,
      "p95": 0.9201638536593335,
      "p99": 1.1320171113725053,
      "p99.9": 1.190522155441408
    },
    "live_in_mass": {
      "n": 21447,
      "min": 2.0351069477302852e-06,
      "max": 1.2614145464198125,
      "p0.1": 0.00023363528083586755,
      "p1": 0.004609656789924203,
      "p5": 0.04016984866410207,
      "p50": 0.4320035826556941,
      "p95": 0.6125003422970345,
      "p99": 0.7831351825786211,
      "p99.9": 0.9637708212156817
    },
    "no_predecessor_in_mass": {
      "n": 2520,
      "min": 0.0,
      "max": 1.2518918352517978,
      "p0.1": 0.0,
      "p1": 0.0004878005143850722,
      "p5": 0.007478783769658896,
      "p50": 0.23188627775227916,
      "p95": 0.5089482746585244,
      "p99": 0.710252433559458,
      "p99.9": 0.9369107279529084
    }
  },
  "suggestions": {
    "theta_gamma": 1.72613774283156e-10,
    "theta_c": 35.71575300320205,
    "eta_death": 0.007446982070196031,
    "eta_birth": 0.004609656789924203,
    "r_max_required_p999_um": 6.331932917218136
  },
  "after_calibration": {
    "true_detection_pairs": 22406,
    "within_physical_gate": 22384,
    "after_candidates": 22360,
    "all_candidate_pairs": 128847,
    "division_pairs": 674,
    "division_candidates": 662,
    "candidate_true_recall": 0.997946978487905,
    "division_pair_recall": 0.9821958456973294
  },
  "protocol": "真实边 p0.1 传输质量、p99.9 完整特征代价、生死 p1；部署值需双序列官方验证",
  "physical_volume_um3": {
    "n": 23972,
    "min": 2.486700197625164,
    "max": 446.2857354676015,
    "p0.1": 2.890525729718332,
    "p1": 5.475600435161599,
    "p5": 12.328200979757328,
    "p50": 43.270203438806604,
    "p95": 111.92499889499922,
    "p99": 170.58730955706054,
    "p99.9": 293.9275502592814
  },
  "cost_C": {
    "n": 187224,
    "min": 0.0021212208683239722,
    "max": 64.10676120521893,
    "p0.1": 0.018528057896630014,
    "p1": 0.08027465928649702,
    "p5": 0.35653920169467684,
    "p50": 25.117181399150944,
    "p95": 39.94106421565352,
    "p99": 41.41212959516499,
    "p99.9": 45.42975240791636
  },
  "source_sha256": "d06edcf5ef83203f261fbc84887f0902943c9935f7ac68f7fd109c14979d85b6",
  "input_contract": {
    "signature": "63c9233e0c4cca3e0f3a69c9bf06659b90e9226b23ed1239e9d94c05eec1437d",
    "definition": {
      "measure": {
        "mass_mode": "volume",
        "knn_k": 6,
        "sigma_x": null,
        "sigma_f": null,
        "spacing_zyx": [
          1.0,
          0.09,
          0.09
        ],
        "structure_mode": "full"
      },
      "coupling": {
        "enabled": true,
        "alpha": 1.0,
        "alpha_pred": 0.0,
        "beta": 1.0,
        "sigma_s": null,
        "r_max": 6.4,
        "eta": 0.3,
        "eps_rel": 1.0,
        "eps": null,
        "tau_a": 1.0,
        "tau_b": 1.0,
        "sinkhorn_iters": 1000,
        "fgw_outer": 10
      },
      "motion": {
        "enabled": false,
        "alpha_pred": 1.0
      },
      "multiscale": {
        "enabled": true,
        "ks": [
          2,
          3,
          5
        ],
        "lambda_temp": {
          "2": 0.1,
          "3": 0.05,
          "5": 0.02
        },
        "n_rounds": 2,
        "norm": "raw",
        "line_search": true,
        "jump_r_max_scale": 1.0
      },
      "graph": {
        "theta_gamma_frac": null,
        "theta_gamma": 1.1077402637741964e-16,
        "theta_c": 725.1141667060132,
        "cand_topk": 0,
        "ctx_window": 2,
        "bridge": true,
        "bridge_gap": 2,
        "bridge_scope": "missing_only",
        "intra_knn": 4,
        "intra_enabled": true,
        "context_enabled": true,
        "use_ot_candidates": true,
        "use_ot_features": true,
        "use_intra_similarity": true
      },
      "node": {
        "f_source": "encoder_npz"
      },
      "schema": "ideas-v2",
      "detection_source": "nnunet_pred",
      "label_mapping": "ctc_full_marker_majority_v2",
      "encoder": {
        "schema": "encoder_centroid_v1",
        "model_sha256": "f5388fb1eb4159b26f6976882f2204072378e7c15938a6a68f00aa0d95defdfd",
        "stage": 2,
        "feature_dim": 128,
        "aggregation": "mean_of_overlapping_tile_centroid_samples"
      }
    }
  }
}
