[13:05:53] experiment P7_ideas_ablate_fgw_seed20261008_train start: ideas GNN 独立训练
[epoch   1] P=0.8356 R=0.8067 F1=0.8209
[epoch   2] P=0.8574 R=0.7650 F1=0.8086
[epoch   3] P=0.8945 R=0.7079 F1=0.7903
[epoch   4] P=0.8986 R=0.7377 F1=0.8102
[epoch   5] P=0.9527 R=0.5951 F1=0.7326
[epoch   6] P=0.9138 R=0.7221 F1=0.8067
[epoch   7] P=0.9512 R=0.6412 F1=0.7660
[epoch   8] P=0.9555 R=0.6822 F1=0.7961
[epoch   9] P=0.9517 R=0.7195 F1=0.8195
[epoch  10] P=0.9748 R=0.6600 F1=0.7871
[epoch  11] P=0.9458 R=0.7142 F1=0.8139
[epoch  12] P=0.9715 R=0.6744 F1=0.7962
[epoch  13] P=0.9752 R=0.6749 F1=0.7977
[epoch  14] P=0.9869 R=0.5576 F1=0.7126
[epoch  15] P=0.9753 R=0.6894 F1=0.8078
[epoch  16] P=0.9733 R=0.7389 F1=0.8400
[epoch  17] P=0.9760 R=0.7121 F1=0.8234
[epoch  18] P=0.9796 R=0.7061 F1=0.8207
[epoch  19] P=0.9803 R=0.6977 F1=0.8152
[epoch  20] P=0.9759 R=0.7103 F1=0.8222
[epoch  21] P=0.9861 R=0.6720 F1=0.7993
[epoch  22] P=0.9805 R=0.7042 F1=0.8197
[epoch  23] P=0.9749 R=0.7040 F1=0.8176
[epoch  24] P=0.9785 R=0.7130 F1=0.8249
[epoch  25] P=0.9802 R=0.7078 F1=0.8220
[epoch  26] P=0.9788 R=0.7237 F1=0.8322
[epoch  27] P=0.9606 R=0.7917 F1=0.8680
[epoch  28] P=0.9807 R=0.7048 F1=0.8202
[epoch  29] P=0.9834 R=0.6811 F1=0.8048
[epoch  30] P=0.9751 R=0.7376 F1=0.8398
[epoch  31] P=0.9783 R=0.7271 F1=0.8342
[epoch  32] P=0.9863 R=0.6977 F1=0.8173
[epoch  33] P=0.9817 R=0.7125 F1=0.8257
[epoch  34] P=0.9875 R=0.6743 F1=0.8014
[epoch  35] P=0.9751 R=0.7410 F1=0.8420
[epoch  36] P=0.9812 R=0.7078 F1=0.8224
[epoch  37] P=0.9782 R=0.7305 F1=0.8364
[epoch  38] P=0.9825 R=0.7095 F1=0.8240
[epoch  39] P=0.9736 R=0.7599 F1=0.8536
[epoch  40] P=0.9804 R=0.7142 F1=0.8264
[epoch  41] P=0.9852 R=0.6760 F1=0.8019
[epoch  42] P=0.9791 R=0.7165 F1=0.8275
[epoch  43] P=0.9857 R=0.6810 F1=0.8055
[epoch  44] P=0.9775 R=0.7445 F1=0.8452
[epoch  45] P=0.9808 R=0.7342 F1=0.8398
[epoch  46] P=0.9751 R=0.7344 F1=0.8378
[epoch  47] P=0.9799 R=0.7285 F1=0.8357
[epoch  48] P=0.9597 R=0.7852 F1=0.8637
[epoch  49] P=0.9830 R=0.7169 F1=0.8291
[epoch  50] P=0.9791 R=0.7423 F1=0.8444
[epoch  51] P=0.9802 R=0.7227 F1=0.8320
[epoch  52] P=0.9587 R=0.7965 F1=0.8701
[epoch  53] P=0.9700 R=0.7650 F1=0.8553
[epoch  54] P=0.9810 R=0.7261 F1=0.8345
[epoch  55] P=0.9892 R=0.6586 F1=0.7907
[epoch  56] P=0.9792 R=0.7214 F1=0.8308
[epoch  57] P=0.9827 R=0.6875 F1=0.8090
[epoch  58] P=0.9805 R=0.7385 F1=0.8425
[epoch  59] P=0.9790 R=0.7251 F1=0.8332
[epoch  60] P=0.9868 R=0.6945 F1=0.8153
[13:06:32] metrics -> /root/autodl-tmp/CellTracker_rebuild_20261008/experiments/P7_ideas_ablate_fgw_seed20261008_train/metrics.json
[13:06:32] experiment P7_ideas_ablate_fgw_seed20261008_train finished: done
{
  "out_dir": "/root/autodl-tmp/CellTracker_rebuild_20261008/experiments/P7_ideas_ablation_matrix_20261009/models/fgw/seed20261008",
  "best_f1": 0.8701144069990164,
  "node_dim": 133,
  "edge_dim": 10,
  "split_mode": "block",
  "n_train": 152,
  "n_val": 38,
  "checkpoints": {
    "best.pt": {
      "bytes": 1175070,
      "sha256": "95ad197f66c74fdd925d2c8f6b674c2ea803761fe1de14865c82981944a40960"
    },
    "last.pt": {
      "bytes": 1185406,
      "sha256": "64b7d89a1fb119418858c84e1fe5eaf5092bce7364d6009ddda395f9214ee869"
    }
  }
}
