[13:21:57] experiment P7_ideas_ablate_multiscale_seed20261008_train start: ideas GNN 独立训练
[epoch   1] P=0.8570 R=0.7694 F1=0.8108
[epoch   2] P=0.8624 R=0.7684 F1=0.8127
[epoch   3] P=0.8875 R=0.7229 F1=0.7968
[epoch   4] P=0.9208 R=0.6762 F1=0.7797
[epoch   5] P=0.9035 R=0.7585 F1=0.8247
[epoch   6] P=0.9376 R=0.6925 F1=0.7966
[epoch   7] P=0.9390 R=0.7084 F1=0.8075
[epoch   8] P=0.9573 R=0.7201 F1=0.8219
[epoch   9] P=0.9580 R=0.7110 F1=0.8162
[epoch  10] P=0.9852 R=0.5756 F1=0.7267
[epoch  11] P=0.9800 R=0.6609 F1=0.7894
[epoch  12] P=0.9908 R=0.5541 F1=0.7108
[epoch  13] P=0.9738 R=0.6858 F1=0.8048
[epoch  14] P=0.9780 R=0.7072 F1=0.8208
[epoch  15] P=0.9873 R=0.6262 F1=0.7664
[epoch  16] P=0.9658 R=0.7807 F1=0.8634
[epoch  17] P=0.9834 R=0.6831 F1=0.8062
[epoch  18] P=0.9867 R=0.6241 F1=0.7646
[epoch  19] P=0.9849 R=0.6790 F1=0.8038
[epoch  20] P=0.9845 R=0.6702 F1=0.7975
[epoch  21] P=0.9896 R=0.6422 F1=0.7790
[epoch  22] P=0.9768 R=0.7308 F1=0.8361
[epoch  23] P=0.9924 R=0.5805 F1=0.7325
[epoch  24] P=0.9857 R=0.6709 F1=0.7984
[epoch  25] P=0.9805 R=0.7180 F1=0.8289
[epoch  26] P=0.9849 R=0.6911 F1=0.8123
[epoch  27] P=0.9840 R=0.6823 F1=0.8059
[epoch  28] P=0.9762 R=0.7389 F1=0.8411
[epoch  29] P=0.9815 R=0.7158 F1=0.8279
[epoch  30] P=0.9745 R=0.7459 F1=0.8450
[epoch  31] P=0.9824 R=0.7192 F1=0.8304
[epoch  32] P=0.9861 R=0.6807 F1=0.8054
[epoch  33] P=0.9816 R=0.7082 F1=0.8228
[epoch  34] P=0.9892 R=0.6322 F1=0.7714
[epoch  35] P=0.9818 R=0.7065 F1=0.8217
[epoch  36] P=0.9871 R=0.6476 F1=0.7821
[epoch  37] P=0.9791 R=0.7243 F1=0.8327
[epoch  38] P=0.9829 R=0.7030 F1=0.8197
[epoch  39] P=0.9766 R=0.7411 F1=0.8427
[epoch  40] P=0.9850 R=0.6676 F1=0.7958
[epoch  41] P=0.9806 R=0.6982 F1=0.8156
[epoch  42] P=0.9749 R=0.7544 F1=0.8506
[epoch  43] P=0.9843 R=0.6831 F1=0.8065
[epoch  44] P=0.9807 R=0.7083 F1=0.8225
[epoch  45] P=0.9706 R=0.7704 F1=0.8590
[epoch  46] P=0.9798 R=0.7069 F1=0.8212
[epoch  47] P=0.9804 R=0.7246 F1=0.8333
[epoch  48] P=0.9749 R=0.7502 F1=0.8479
[epoch  49] P=0.9815 R=0.7007 F1=0.8177
[epoch  50] P=0.9728 R=0.7392 F1=0.8401
[epoch  51] P=0.9791 R=0.7373 F1=0.8412
[epoch  52] P=0.9776 R=0.7329 F1=0.8378
[epoch  53] P=0.9836 R=0.6547 F1=0.7861
[epoch  54] P=0.9829 R=0.6865 F1=0.8084
[epoch  55] P=0.9758 R=0.7386 F1=0.8408
[epoch  56] P=0.9846 R=0.6606 F1=0.7907
[epoch  57] P=0.9774 R=0.7364 F1=0.8399
[epoch  58] P=0.9661 R=0.7692 F1=0.8565
[epoch  59] P=0.9756 R=0.7530 F1=0.8500
[epoch  60] P=0.9696 R=0.7792 F1=0.8640
[13:22:39] metrics -> /root/autodl-tmp/CellTracker_rebuild_20261008/experiments/P7_ideas_ablate_multiscale_seed20261008_train/metrics.json
[13:22:39] experiment P7_ideas_ablate_multiscale_seed20261008_train finished: done
{
  "out_dir": "/root/autodl-tmp/CellTracker_rebuild_20261008/experiments/P7_ideas_ablation_matrix_20261009/models/multiscale/seed20261008",
  "best_f1": 0.8640184951660361,
  "node_dim": 133,
  "edge_dim": 10,
  "split_mode": "block",
  "n_train": 152,
  "n_val": 38,
  "checkpoints": {
    "best.pt": {
      "bytes": 1176094,
      "sha256": "8db70e2cf5475760301a487077c28986a626ac713f27aaaa11217553847a0659"
    },
    "last.pt": {
      "bytes": 1185406,
      "sha256": "297b8d781a75342b1c03dc821d7a0526148d1fa4ea68c8451729e21d83aee0d3"
    }
  }
}
