[13:28:28] experiment P7_ideas_ablate_multiscale_seed20261009_train start: ideas GNN 独立训练
[epoch   1] P=0.8471 R=0.7880 F1=0.8165
[epoch   2] P=0.8438 R=0.8033 F1=0.8230
[epoch   3] P=0.8679 R=0.7599 F1=0.8103
[epoch   4] P=0.9107 R=0.6854 F1=0.7821
[epoch   5] P=0.8855 R=0.7674 F1=0.8223
[epoch   6] P=0.9234 R=0.6887 F1=0.7889
[epoch   7] P=0.9295 R=0.6881 F1=0.7908
[epoch   8] P=0.9590 R=0.6367 F1=0.7653
[epoch   9] P=0.9581 R=0.6674 F1=0.7867
[epoch  10] P=0.9601 R=0.6879 F1=0.8015
[epoch  11] P=0.9787 R=0.5995 F1=0.7435
[epoch  12] P=0.9764 R=0.6299 F1=0.7658
[epoch  13] P=0.9616 R=0.7114 F1=0.8178
[epoch  14] P=0.9785 R=0.6587 F1=0.7874
[epoch  15] P=0.9513 R=0.7445 F1=0.8353
[epoch  16] P=0.9669 R=0.7147 F1=0.8219
[epoch  17] P=0.9681 R=0.7455 F1=0.8424
[epoch  18] P=0.9565 R=0.7835 F1=0.8614
[epoch  19] P=0.9846 R=0.6602 F1=0.7904
[epoch  20] P=0.9627 R=0.7851 F1=0.8649
[epoch  21] P=0.9698 R=0.7457 F1=0.8431
[epoch  22] P=0.9771 R=0.7264 F1=0.8333
[epoch  23] P=0.9809 R=0.7003 F1=0.8172
[epoch  24] P=0.9858 R=0.6659 F1=0.7949
[epoch  25] P=0.9718 R=0.7426 F1=0.8419
[epoch  26] P=0.9713 R=0.7372 F1=0.8382
[epoch  27] P=0.9814 R=0.6909 F1=0.8109
[epoch  28] P=0.9804 R=0.7148 F1=0.8268
[epoch  29] P=0.9767 R=0.7226 F1=0.8307
[epoch  30] P=0.9553 R=0.7805 F1=0.8591
[epoch  31] P=0.9664 R=0.7708 F1=0.8576
[epoch  32] P=0.9843 R=0.6714 F1=0.7983
[epoch  33] P=0.9637 R=0.7614 F1=0.8507
[epoch  34] P=0.9714 R=0.7412 F1=0.8408
[epoch  35] P=0.9479 R=0.8125 F1=0.8750
[epoch  36] P=0.9790 R=0.7189 F1=0.8290
[epoch  37] P=0.9761 R=0.7408 F1=0.8423
[epoch  38] P=0.9779 R=0.7101 F1=0.8228
[epoch  39] P=0.9814 R=0.7150 F1=0.8273
[epoch  40] P=0.9809 R=0.7162 F1=0.8279
[epoch  41] P=0.9756 R=0.7377 F1=0.8401
[epoch  42] P=0.9768 R=0.7355 F1=0.8392
[epoch  43] P=0.9667 R=0.7791 F1=0.8628
[epoch  44] P=0.9809 R=0.7167 F1=0.8283
[epoch  45] P=0.9789 R=0.7348 F1=0.8395
[epoch  46] P=0.9831 R=0.7116 F1=0.8256
[epoch  47] P=0.9747 R=0.7371 F1=0.8394
[epoch  48] P=0.9833 R=0.7094 F1=0.8242
[epoch  49] P=0.9773 R=0.7231 F1=0.8312
[epoch  50] P=0.9769 R=0.7370 F1=0.8402
[epoch  51] P=0.9730 R=0.7585 F1=0.8525
[epoch  52] P=0.9674 R=0.7683 F1=0.8564
[epoch  53] P=0.9723 R=0.7579 F1=0.8518
[epoch  54] P=0.9638 R=0.7685 F1=0.8551
[epoch  55] P=0.9730 R=0.7365 F1=0.8384
[epoch  56] P=0.9807 R=0.7141 F1=0.8264
[epoch  57] P=0.9814 R=0.7142 F1=0.8267
[epoch  58] P=0.9680 R=0.7651 F1=0.8546
[epoch  59] P=0.9813 R=0.7117 F1=0.8250
[epoch  60] P=0.9742 R=0.7667 F1=0.8581
[13:29:09] metrics -> /root/autodl-tmp/CellTracker_rebuild_20261008/experiments/P7_ideas_ablate_multiscale_seed20261009_train/metrics.json
[13:29:09] experiment P7_ideas_ablate_multiscale_seed20261009_train finished: done
{
  "out_dir": "/root/autodl-tmp/CellTracker_rebuild_20261008/experiments/P7_ideas_ablation_matrix_20261009/models/multiscale/seed20261009",
  "best_f1": 0.8750318926366281,
  "node_dim": 133,
  "edge_dim": 10,
  "split_mode": "block",
  "n_train": 152,
  "n_val": 38,
  "checkpoints": {
    "best.pt": {
      "bytes": 1172766,
      "sha256": "6ab4ce8e4f7f7f9c9d21b59cc0197c04e46f38b9c12a987fcab91b43dcea9805"
    },
    "last.pt": {
      "bytes": 1185470,
      "sha256": "7f2c183762643765cc8c1a77c52edad2b0391adbd18652bc0e3894d0cedc72ca"
    }
  }
}
