[load] 195 帧；检测=nnunet_pred；外观=encoder_npz (0.4s)
[motion] 运动先验初始化完成 (17.3s)
[couplings] 194 对相邻帧耦合 (13.8s)
[multiscale] 多尺度=False；桥接耦合=193 (3.6s)
[decision] 5172 条轨迹 (2.5s)
[tracklet] 二层 OT=True；最终 4908 条轨迹 (1.4s)
{
  "counts": {
    "true_detection_pairs": 22406,
    "within_physical_gate": 22384,
    "after_candidates": 22346,
    "all_candidate_pairs": 186140,
    "division_pairs": 674,
    "division_candidates": 662,
    "candidate_true_recall": 0.9973221458537892,
    "division_pair_recall": 0.9821958456973294
  },
  "distributions": {
    "true_gamma": {
      "n": 22406,
      "min": 0.0,
      "max": 0.7894510805826547,
      "p0.1": 2.7844638256433767e-64,
      "p1": 0.0009715285682515521,
      "p5": 0.04752828151532021,
      "p50": 0.479835985888047,
      "p95": 0.6926636565502136,
      "p99": 0.7372820865179986,
      "p99.9": 0.7660924311618359
    },
    "true_cost": {
      "n": 22384,
      "min": 0.0031598995324359806,
      "max": 1336.2113297762028,
      "p0.1": 0.04040655913440977,
      "p1": 0.10581199344273218,
      "p5": 0.2300619884375882,
      "p50": 1.3366310253206257,
      "p95": 19.328411704460784,
      "p99": 54.579246534319715,
      "p99.9": 670.5759475741381
    },
    "true_displacement_um": {
      "n": 22406,
      "min": 0.015784675803128527,
      "max": 9.47782203583886,
      "p0.1": 0.06577079530878246,
      "p1": 0.1244180930969185,
      "p5": 0.21705775289676457,
      "p50": 0.6629748228049455,
      "p95": 2.744037867370399,
      "p99": 4.178483026580397,
      "p99.9": 6.331932917218136
    },
    "live_out_mass": {
      "n": 21169,
      "min": 2.121191876399466e-144,
      "max": 1.83125993783992,
      "p0.1": 4.029267595118877e-10,
      "p1": 0.018359288684131447,
      "p5": 0.09572454341662225,
      "p50": 0.5322724348482603,
      "p95": 0.7910839660406425,
      "p99": 1.0809347960905669,
      "p99.9": 1.3092459153164508
    },
    "no_successor_out_mass": {
      "n": 57,
      "min": 1.3873655962881911e-08,
      "max": 1.7063829735615672,
      "p0.1": 1.9724333912324192e-05,
      "p1": 0.00019711847621957599,
      "p5": 0.0015717000125425422,
      "p50": 0.9273603255102392,
      "p95": 1.3708303012080427,
      "p99": 1.6384167841292856,
      "p99.9": 1.6995863546183394
    },
    "live_in_mass": {
      "n": 21447,
      "min": 1.2169233120408142e-45,
      "max": 1.6583569299700374,
      "p0.1": 6.385064131453416e-05,
      "p1": 0.02242910779189977,
      "p5": 0.08913458893957263,
      "p50": 0.528249845179903,
      "p95": 0.7755919823971898,
      "p99": 1.0653116050276052,
      "p99.9": 1.2458870901975339
    },
    "no_predecessor_in_mass": {
      "n": 2520,
      "min": 0.0,
      "max": 1.4678046912790337,
      "p0.1": 0.0,
      "p1": 0.0012282307871015867,
      "p5": 0.028560474369074013,
      "p50": 0.3784222245062563,
      "p95": 0.6881662494272582,
      "p99": 0.9991328514696899,
      "p99.9": 1.211259003838367
    }
  },
  "suggestions": {
    "theta_gamma": 2.7844638256433767e-64,
    "theta_c": 670.5759475741381,
    "eta_death": 0.018359288684131447,
    "eta_birth": 0.02242910779189977,
    "r_max_required_p999_um": 6.331932917218136
  },
  "after_calibration": {
    "true_detection_pairs": 22406,
    "within_physical_gate": 22384,
    "after_candidates": 22361,
    "all_candidate_pairs": 186477,
    "division_pairs": 674,
    "division_candidates": 665,
    "candidate_true_recall": 0.9979916093903419,
    "division_pair_recall": 0.9866468842729971
  },
  "protocol": "真实边 p0.1 传输质量、p99.9 完整特征代价、生死 p1；部署值需双序列官方验证",
  "physical_volume_um3": {
    "n": 23972,
    "min": 2.486700197625164,
    "max": 446.2857354676015,
    "p0.1": 2.890525729718332,
    "p1": 5.475600435161599,
    "p5": 12.328200979757328,
    "p50": 43.270203438806604,
    "p95": 111.92499889499922,
    "p99": 170.58730955706054,
    "p99.9": 293.9275502592814
  },
  "cost_C": {
    "n": 187224,
    "min": 0.0031598995324359806,
    "max": 2014.1880128828925,
    "p0.1": 0.09698645379613434,
    "p1": 0.3019511380347933,
    "p5": 1.0163985171558498,
    "p50": 50.555457307158605,
    "p95": 81.94697350325447,
    "p99": 291.4758125380005,
    "p99.9": 1131.866231950114
  },
  "source_sha256": "d06edcf5ef83203f261fbc84887f0902943c9935f7ac68f7fd109c14979d85b6",
  "input_contract": {
    "signature": "7c750933c7046ac117559292afb7c8b856067c24dd3c5187d350614682a62fa8",
    "definition": {
      "measure": {
        "mass_mode": "volume",
        "knn_k": 6,
        "sigma_x": null,
        "sigma_f": null,
        "spacing_zyx": [
          1.0,
          0.09,
          0.09
        ],
        "structure_mode": "full"
      },
      "coupling": {
        "enabled": true,
        "alpha": 1.0,
        "alpha_pred": 0.0,
        "beta": 1.0,
        "sigma_s": null,
        "r_max": 6.4,
        "eta": 0.3,
        "eps_rel": 1.0,
        "eps": null,
        "tau_a": 1.0,
        "tau_b": 1.0,
        "sinkhorn_iters": 1000,
        "fgw_outer": 10
      },
      "motion": {
        "enabled": true,
        "alpha_pred": 1.0
      },
      "multiscale": {
        "enabled": false,
        "ks": [
          2,
          3,
          5
        ],
        "lambda_temp": {
          "2": 0.1,
          "3": 0.05,
          "5": 0.02
        },
        "n_rounds": 2,
        "norm": "raw",
        "line_search": true,
        "jump_r_max_scale": 1.0
      },
      "graph": {
        "theta_gamma_frac": null,
        "theta_gamma": 1.1077402637741964e-16,
        "theta_c": 725.1141667060132,
        "cand_topk": 0,
        "ctx_window": 2,
        "bridge": true,
        "bridge_gap": 2,
        "bridge_scope": "missing_only",
        "intra_knn": 4,
        "intra_enabled": true,
        "context_enabled": true,
        "use_ot_candidates": true,
        "use_ot_features": true,
        "use_intra_similarity": true
      },
      "node": {
        "f_source": "encoder_npz"
      },
      "motion_initialization": {
        "theta_gamma_frac": null,
        "theta_gamma": 1.1077402637741964e-16,
        "theta_c": 725.1141667060132,
        "eta_death": 0.01703500808826654,
        "eta_birth": 0.01840185258378078,
        "mass_threshold_mode": "absolute",
        "birth_death_enabled": true,
        "death_veto": true,
        "birth_veto": true,
        "division_enabled": true,
        "volume_conservation": true,
        "div_ratio": 0.05,
        "vol_tol": 0.5,
        "max_children": 2,
        "tau_edge": 0.5,
        "hole_policy": "fill",
        "filter_isolated": true,
        "mark_uncertainty": true
      },
      "schema": "ideas-v2",
      "detection_source": "nnunet_pred",
      "label_mapping": "ctc_full_marker_majority_v2",
      "encoder": {
        "schema": "encoder_centroid_v1",
        "model_sha256": "f5388fb1eb4159b26f6976882f2204072378e7c15938a6a68f00aa0d95defdfd",
        "stage": 2,
        "feature_dim": 128,
        "aggregation": "mean_of_overlapping_tile_centroid_samples"
      }
    }
  }
}
