[12:55:28] experiment P7_ideas_ablate_isolated_seed20261009_train start: ideas GNN 独立训练
[epoch   1] P=0.8440 R=0.7914 F1=0.8169
[epoch   2] P=0.8542 R=0.7747 F1=0.8125
[epoch   3] P=0.8785 R=0.7354 F1=0.8006
[epoch   4] P=0.9174 R=0.6775 F1=0.7794
[epoch   5] P=0.9296 R=0.6891 F1=0.7915
[epoch   6] P=0.9316 R=0.7375 F1=0.8233
[epoch   7] P=0.9546 R=0.6812 F1=0.7951
[epoch   8] P=0.9598 R=0.6853 F1=0.7996
[epoch   9] P=0.9670 R=0.6642 F1=0.7875
[epoch  10] P=0.9596 R=0.7286 F1=0.8283
[epoch  11] P=0.9676 R=0.7105 F1=0.8194
[epoch  12] P=0.9759 R=0.6827 F1=0.8034
[epoch  13] P=0.9723 R=0.7348 F1=0.8370
[epoch  14] P=0.9749 R=0.7336 F1=0.8372
[epoch  15] P=0.9809 R=0.6973 F1=0.8152
[epoch  16] P=0.9775 R=0.7239 F1=0.8318
[epoch  17] P=0.9759 R=0.7300 F1=0.8353
[epoch  18] P=0.9764 R=0.7363 F1=0.8395
[epoch  19] P=0.9815 R=0.6971 F1=0.8152
[epoch  20] P=0.9743 R=0.7435 F1=0.8434
[epoch  21] P=0.9754 R=0.7363 F1=0.8391
[epoch  22] P=0.9842 R=0.6785 F1=0.8032
[epoch  23] P=0.9800 R=0.7333 F1=0.8389
[epoch  24] P=0.9752 R=0.7479 F1=0.8466
[epoch  25] P=0.9807 R=0.7270 F1=0.8350
[epoch  26] P=0.9670 R=0.7628 F1=0.8528
[epoch  27] P=0.9807 R=0.7211 F1=0.8311
[epoch  28] P=0.9830 R=0.6832 F1=0.8061
[epoch  29] P=0.9695 R=0.7537 F1=0.8481
[epoch  30] P=0.9837 R=0.6801 F1=0.8042
[epoch  31] P=0.9786 R=0.7414 F1=0.8436
[epoch  32] P=0.9731 R=0.7278 F1=0.8328
[epoch  33] P=0.9681 R=0.7467 F1=0.8431
[epoch  34] P=0.9763 R=0.7288 F1=0.8346
[epoch  35] P=0.9515 R=0.7785 F1=0.8564
[epoch  36] P=0.9833 R=0.6978 F1=0.8163
[epoch  37] P=0.9751 R=0.7424 F1=0.8430
[epoch  38] P=0.9678 R=0.7514 F1=0.8460
[epoch  39] P=0.9785 R=0.7382 F1=0.8415
[epoch  40] P=0.9757 R=0.7530 F1=0.8500
[epoch  41] P=0.9829 R=0.6986 F1=0.8167
[epoch  42] P=0.9814 R=0.7186 F1=0.8296
[epoch  43] P=0.9798 R=0.7349 F1=0.8398
[epoch  44] P=0.9777 R=0.7172 F1=0.8274
[epoch  45] P=0.9709 R=0.7559 F1=0.8500
[epoch  46] P=0.9852 R=0.6863 F1=0.8090
[epoch  47] P=0.9709 R=0.7565 F1=0.8504
[epoch  48] P=0.9784 R=0.7256 F1=0.8332
[epoch  49] P=0.9702 R=0.7547 F1=0.8490
[epoch  50] P=0.9777 R=0.7478 F1=0.8475
[epoch  51] P=0.9790 R=0.7287 F1=0.8355
[epoch  52] P=0.9657 R=0.7908 F1=0.8695
[epoch  53] P=0.9754 R=0.7412 F1=0.8423
[epoch  54] P=0.9722 R=0.7467 F1=0.8447
[epoch  55] P=0.9772 R=0.7118 F1=0.8237
[epoch  56] P=0.9834 R=0.6902 F1=0.8111
[epoch  57] P=0.9630 R=0.7778 F1=0.8606
[epoch  58] P=0.9695 R=0.7810 F1=0.8651
[epoch  59] P=0.9692 R=0.7594 F1=0.8516
[epoch  60] P=0.9760 R=0.7423 F1=0.8432
[12:56:08] metrics -> /root/autodl-tmp/CellTracker_rebuild_20261008/experiments/P7_ideas_ablate_isolated_seed20261009_train/metrics.json
[12:56:08] experiment P7_ideas_ablate_isolated_seed20261009_train finished: done
{
  "out_dir": "/root/autodl-tmp/CellTracker_rebuild_20261008/experiments/P7_ideas_ablation_matrix_20261009/models/isolated/seed20261009",
  "best_f1": 0.8695425653850162,
  "node_dim": 133,
  "edge_dim": 10,
  "split_mode": "block",
  "n_train": 152,
  "n_val": 38,
  "checkpoints": {
    "best.pt": {
      "bytes": 1175006,
      "sha256": "c7539a6fa34f477b55dfe843dfead5b9fdc49d244f300137e14d353caa826ac9"
    },
    "last.pt": {
      "bytes": 1185406,
      "sha256": "634b422c2af89bffe5b20fa18b2c02ff1779aacbc7d15576d4a7ac1e0538daa7"
    }
  }
}
