[13:13:12] experiment P7_ideas_ablate_fgw_seed20261009_train start: ideas GNN 独立训练
[epoch   1] P=0.8425 R=0.7904 F1=0.8156
[epoch   2] P=0.8449 R=0.7893 F1=0.8162
[epoch   3] P=0.8767 R=0.7257 F1=0.7941
[epoch   4] P=0.8892 R=0.7172 F1=0.7940
[epoch   5] P=0.9284 R=0.6543 F1=0.7676
[epoch   6] P=0.9444 R=0.6346 F1=0.7591
[epoch   7] P=0.8978 R=0.7435 F1=0.8134
[epoch   8] P=0.9468 R=0.6359 F1=0.7608
[epoch   9] P=0.9508 R=0.6430 F1=0.7672
[epoch  10] P=0.9623 R=0.6240 F1=0.7571
[epoch  11] P=0.9899 R=0.4269 F1=0.5965
[epoch  12] P=0.9541 R=0.6408 F1=0.7667
[epoch  13] P=0.9692 R=0.6110 F1=0.7495
[epoch  14] P=0.9641 R=0.6614 F1=0.7845
[epoch  15] P=0.9478 R=0.7247 F1=0.8214
[epoch  16] P=0.9503 R=0.7291 F1=0.8252
[epoch  17] P=0.9783 R=0.6225 F1=0.7608
[epoch  18] P=0.9579 R=0.7096 F1=0.8153
[epoch  19] P=0.9660 R=0.7077 F1=0.8169
[epoch  20] P=0.9635 R=0.7273 F1=0.8289
[epoch  21] P=0.9770 R=0.6830 F1=0.8039
[epoch  22] P=0.9719 R=0.7123 F1=0.8221
[epoch  23] P=0.9704 R=0.7261 F1=0.8306
[epoch  24] P=0.9865 R=0.6374 F1=0.7744
[epoch  25] P=0.9746 R=0.6934 F1=0.8103
[epoch  26] P=0.9744 R=0.7168 F1=0.8260
[epoch  27] P=0.9744 R=0.7244 F1=0.8310
[epoch  28] P=0.9697 R=0.7316 F1=0.8340
[epoch  29] P=0.9672 R=0.7397 F1=0.8383
[epoch  30] P=0.9812 R=0.6978 F1=0.8156
[epoch  31] P=0.9733 R=0.7365 F1=0.8385
[epoch  32] P=0.9724 R=0.7216 F1=0.8285
[epoch  33] P=0.9618 R=0.7746 F1=0.8581
[epoch  34] P=0.9835 R=0.6947 F1=0.8143
[epoch  35] P=0.9701 R=0.7712 F1=0.8593
[epoch  36] P=0.9721 R=0.7466 F1=0.8445
[epoch  37] P=0.9709 R=0.7631 F1=0.8545
[epoch  38] P=0.9786 R=0.7244 F1=0.8325
[epoch  39] P=0.9881 R=0.6462 F1=0.7814
[epoch  40] P=0.9793 R=0.7362 F1=0.8406
[epoch  41] P=0.9791 R=0.7285 F1=0.8354
[epoch  42] P=0.9883 R=0.6736 F1=0.8011
[epoch  43] P=0.9739 R=0.7665 F1=0.8578
[epoch  44] P=0.9865 R=0.6791 F1=0.8044
[epoch  45] P=0.9627 R=0.7679 F1=0.8543
[epoch  46] P=0.9704 R=0.7468 F1=0.8441
[epoch  47] P=0.9705 R=0.7577 F1=0.8510
[epoch  48] P=0.9841 R=0.6864 F1=0.8087
[epoch  49] P=0.9740 R=0.7379 F1=0.8397
[epoch  50] P=0.9765 R=0.7430 F1=0.8439
[epoch  51] P=0.9781 R=0.7421 F1=0.8439
[epoch  52] P=0.9687 R=0.7838 F1=0.8665
[epoch  53] P=0.9773 R=0.7144 F1=0.8254
[epoch  54] P=0.9730 R=0.7436 F1=0.8430
[epoch  55] P=0.9800 R=0.7302 F1=0.8368
[epoch  56] P=0.9801 R=0.6995 F1=0.8163
[epoch  57] P=0.9798 R=0.7308 F1=0.8372
[epoch  58] P=0.9752 R=0.7506 F1=0.8483
[epoch  59] P=0.9683 R=0.7683 F1=0.8568
[epoch  60] P=0.9733 R=0.7657 F1=0.8571
[13:13:52] metrics -> /root/autodl-tmp/CellTracker_rebuild_20261008/experiments/P7_ideas_ablate_fgw_seed20261009_train/metrics.json
[13:13:52] experiment P7_ideas_ablate_fgw_seed20261009_train finished: done
{
  "out_dir": "/root/autodl-tmp/CellTracker_rebuild_20261008/experiments/P7_ideas_ablation_matrix_20261009/models/fgw/seed20261009",
  "best_f1": 0.8665129924559932,
  "node_dim": 133,
  "edge_dim": 10,
  "split_mode": "block",
  "n_train": 152,
  "n_val": 38,
  "checkpoints": {
    "best.pt": {
      "bytes": 1175006,
      "sha256": "a3f1776bb5dcb20bedd591df07df610d4fa0da47c51d4beea70bcaf130458105"
    },
    "last.pt": {
      "bytes": 1185406,
      "sha256": "5a8e9f3bc161343f013d668b80b11900382c070d0c78f1ceefc344fb5a359409"
    }
  }
}
