[12:47:41] experiment P7_ideas_ablate_isolated_seed20261008_train start: ideas GNN 独立训练
[epoch   1] P=0.8612 R=0.7625 F1=0.8089
[epoch   2] P=0.8799 R=0.7316 F1=0.7989
[epoch   3] P=0.9026 R=0.7212 F1=0.8018
[epoch   4] P=0.8895 R=0.7834 F1=0.8331
[epoch   5] P=0.9471 R=0.6955 F1=0.8021
[epoch   6] P=0.9251 R=0.7792 F1=0.8459
[epoch   7] P=0.9451 R=0.7542 F1=0.8389
[epoch   8] P=0.9747 R=0.6614 F1=0.7881
[epoch   9] P=0.9741 R=0.6667 F1=0.7916
[epoch  10] P=0.9806 R=0.6554 F1=0.7856
[epoch  11] P=0.9747 R=0.6931 F1=0.8101
[epoch  12] P=0.9745 R=0.7157 F1=0.8253
[epoch  13] P=0.9738 R=0.7348 F1=0.8375
[epoch  14] P=0.9772 R=0.7179 F1=0.8277
[epoch  15] P=0.9800 R=0.7076 F1=0.8218
[epoch  16] P=0.9675 R=0.7730 F1=0.8594
[epoch  17] P=0.9732 R=0.7542 F1=0.8498
[epoch  18] P=0.9715 R=0.7503 F1=0.8467
[epoch  19] P=0.9756 R=0.7373 F1=0.8399
[epoch  20] P=0.9751 R=0.7376 F1=0.8399
[epoch  21] P=0.9836 R=0.7035 F1=0.8203
[epoch  22] P=0.9774 R=0.7420 F1=0.8436
[epoch  23] P=0.9822 R=0.7052 F1=0.8210
[epoch  24] P=0.9851 R=0.6873 F1=0.8097
[epoch  25] P=0.9798 R=0.7416 F1=0.8442
[epoch  26] P=0.9785 R=0.7389 F1=0.8420
[epoch  27] P=0.9775 R=0.7402 F1=0.8424
[epoch  28] P=0.9793 R=0.7258 F1=0.8337
[epoch  29] P=0.9796 R=0.7295 F1=0.8362
[epoch  30] P=0.9683 R=0.7703 F1=0.8580
[epoch  31] P=0.9825 R=0.7177 F1=0.8295
[epoch  32] P=0.9857 R=0.6945 F1=0.8149
[epoch  33] P=0.9719 R=0.7550 F1=0.8499
[epoch  34] P=0.9818 R=0.7273 F1=0.8356
[epoch  35] P=0.9824 R=0.7138 F1=0.8268
[epoch  36] P=0.9722 R=0.7532 F1=0.8488
[epoch  37] P=0.9654 R=0.7823 F1=0.8643
[epoch  38] P=0.9827 R=0.7223 F1=0.8326
[epoch  39] P=0.9728 R=0.7536 F1=0.8493
[epoch  40] P=0.9785 R=0.7364 F1=0.8403
[epoch  41] P=0.9652 R=0.7676 F1=0.8552
[epoch  42] P=0.9729 R=0.7616 F1=0.8544
[epoch  43] P=0.9800 R=0.7417 F1=0.8443
[epoch  44] P=0.9633 R=0.7884 F1=0.8671
[epoch  45] P=0.9801 R=0.7266 F1=0.8345
[epoch  46] P=0.9755 R=0.7267 F1=0.8329
[epoch  47] P=0.9798 R=0.7314 F1=0.8375
[epoch  48] P=0.9665 R=0.7754 F1=0.8605
[epoch  49] P=0.9876 R=0.6665 F1=0.7959
[epoch  50] P=0.9823 R=0.7100 F1=0.8243
[epoch  51] P=0.9744 R=0.7277 F1=0.8331
[epoch  52] P=0.9665 R=0.7716 F1=0.8582
[epoch  53] P=0.9844 R=0.6642 F1=0.7932
[epoch  54] P=0.9811 R=0.7277 F1=0.8356
[epoch  55] P=0.9737 R=0.7647 F1=0.8566
[epoch  56] P=0.9752 R=0.7373 F1=0.8397
[epoch  57] P=0.9820 R=0.7097 F1=0.8239
[epoch  58] P=0.9762 R=0.7395 F1=0.8415
[epoch  59] P=0.9770 R=0.7437 F1=0.8445
[epoch  60] P=0.9654 R=0.7745 F1=0.8595
[12:48:22] metrics -> /root/autodl-tmp/CellTracker_rebuild_20261008/experiments/P7_ideas_ablate_isolated_seed20261008_train/metrics.json
[12:48:22] experiment P7_ideas_ablate_isolated_seed20261008_train finished: done
{
  "out_dir": "/root/autodl-tmp/CellTracker_rebuild_20261008/experiments/P7_ideas_ablation_matrix_20261009/models/isolated/seed20261008",
  "best_f1": 0.867118290776446,
  "node_dim": 133,
  "edge_dim": 10,
  "split_mode": "block",
  "n_train": 152,
  "n_val": 38,
  "checkpoints": {
    "best.pt": {
      "bytes": 1173982,
      "sha256": "cff818f17baee5cf069c75ebd2ffad3df26614175ec9ad719e8d62b04e39aa73"
    },
    "last.pt": {
      "bytes": 1185406,
      "sha256": "eeed529ab127a8650b2ff8effff2a9fa40eefb6771da25356ba18f3ffa5e19ee"
    }
  }
}
