[load] 195 帧；检测=nnunet_pred；外观=encoder_npz (0.3s)
[motion] 运动先验初始化完成 (15.6s)
[couplings] 194 对相邻帧耦合 (12.8s)
[multiscale] 多尺度=True；桥接耦合=193 (28.9s)
[decision] 5463 条轨迹 (2.4s)
[tracklet] 二层 OT=True；最终 5014 条轨迹 (1.6s)
{
  "counts": {
    "true_detection_pairs": 22406,
    "within_physical_gate": 22384,
    "after_candidates": 22384,
    "all_candidate_pairs": 186437,
    "division_pairs": 674,
    "division_candidates": 667,
    "candidate_true_recall": 0.9990181201463894,
    "division_pair_recall": 0.9896142433234422
  },
  "distributions": {
    "true_gamma": {
      "n": 22406,
      "min": 0.0,
      "max": 0.7837170475869464,
      "p0.1": 1.0269469166337883e-08,
      "p1": 0.0020661517517696344,
      "p5": 0.044085219371387666,
      "p50": 0.5022962259807024,
      "p95": 0.6862630917351722,
      "p99": 0.7305714999737354,
      "p99.9": 0.7617231255933563
    },
    "true_cost": {
      "n": 22384,
      "min": 0.0031598995324359806,
      "max": 131.65905596046755,
      "p0.1": 0.04040655913440977,
      "p1": 0.10581199344273218,
      "p5": 0.2300390142982138,
      "p50": 1.3345574678949101,
      "p95": 18.09062858968218,
      "p99": 39.46063355760898,
      "p99.9": 71.3267558306415
    },
    "true_displacement_um": {
      "n": 22406,
      "min": 0.015784675803128527,
      "max": 9.47782203583886,
      "p0.1": 0.06577079530878246,
      "p1": 0.1244180930969185,
      "p5": 0.21705775289676457,
      "p50": 0.6629748228049455,
      "p95": 2.744037867370399,
      "p99": 4.178483026580397,
      "p99.9": 6.331932917218136
    },
    "live_out_mass": {
      "n": 21169,
      "min": 4.895078889919527e-05,
      "max": 1.706370801148014,
      "p0.1": 0.0031835976187750245,
      "p1": 0.026571248315016647,
      "p5": 0.09270067929433677,
      "p50": 0.5481257133126465,
      "p95": 0.7915376440798596,
      "p99": 1.0713609881548012,
      "p99.9": 1.2800890580519984
    },
    "no_successor_out_mass": {
      "n": 57,
      "min": 4.3105828062425905e-09,
      "max": 1.7236921587393899,
      "p0.1": 1.2728642224880785e-05,
      "p1": 0.0001272476270035517,
      "p5": 0.002113324217370507,
      "p50": 0.9327502585211509,
      "p95": 1.383805718759803,
      "p99": 1.5551549210404576,
      "p99.9": 1.7068384349694974
    },
    "live_in_mass": {
      "n": 21447,
      "min": 6.04154858885925e-08,
      "max": 1.7319095561943416,
      "p0.1": 0.0009525295616818681,
      "p1": 0.01843505938452125,
      "p5": 0.0836355056812874,
      "p50": 0.5449648342845618,
      "p95": 0.7838014128193521,
      "p99": 1.0618840580971358,
      "p99.9": 1.2839123487662485
    },
    "no_predecessor_in_mass": {
      "n": 2520,
      "min": 0.0,
      "max": 1.7681553856624006,
      "p0.1": 0.0,
      "p1": 0.0013930541887491631,
      "p5": 0.022691718718470266,
      "p50": 0.37290796404438903,
      "p95": 0.6958269425329684,
      "p99": 1.0412748705138177,
      "p99.9": 1.344367373007116
    }
  },
  "suggestions": {
    "theta_gamma": 1.0269469166337883e-08,
    "theta_c": 71.3267558306415,
    "eta_death": 0.026571248315016647,
    "eta_birth": 0.01843505938452125,
    "r_max_required_p999_um": 6.331932917218136
  },
  "after_calibration": {
    "true_detection_pairs": 22406,
    "within_physical_gate": 22384,
    "after_candidates": 22360,
    "all_candidate_pairs": 139249,
    "division_pairs": 674,
    "division_candidates": 658,
    "candidate_true_recall": 0.997946978487905,
    "division_pair_recall": 0.9762611275964391
  },
  "protocol": "真实边 p0.1 传输质量、p99.9 完整特征代价、生死 p1；部署值需双序列官方验证",
  "physical_volume_um3": {
    "n": 23972,
    "min": 2.486700197625164,
    "max": 446.2857354676015,
    "p0.1": 2.890525729718332,
    "p1": 5.475600435161599,
    "p5": 12.328200979757328,
    "p50": 43.270203438806604,
    "p95": 111.92499889499922,
    "p99": 170.58730955706054,
    "p99.9": 293.9275502592814
  },
  "cost_C": {
    "n": 187224,
    "min": 0.0031598995324359806,
    "max": 161.5795448805269,
    "p0.1": 0.09698645379613434,
    "p1": 0.3017875704787319,
    "p5": 1.0153182123256477,
    "p50": 50.03070626742347,
    "p95": 80.60043362263633,
    "p99": 87.85842902888042,
    "p99.9": 102.40874921297669
  },
  "source_sha256": "d06edcf5ef83203f261fbc84887f0902943c9935f7ac68f7fd109c14979d85b6",
  "input_contract": {
    "signature": "353b847e5f2fd5d992541ee0f3204de46ef84256590af2b8912456c2344f8551",
    "definition": {
      "measure": {
        "mass_mode": "volume",
        "knn_k": 6,
        "sigma_x": null,
        "sigma_f": null,
        "spacing_zyx": [
          1.0,
          0.09,
          0.09
        ],
        "structure_mode": "full"
      },
      "coupling": {
        "enabled": true,
        "alpha": 1.0,
        "alpha_pred": 0.0,
        "beta": 1.0,
        "sigma_s": null,
        "r_max": 6.4,
        "eta": 0.3,
        "eps_rel": 1.0,
        "eps": null,
        "tau_a": 1.0,
        "tau_b": 1.0,
        "sinkhorn_iters": 1000,
        "fgw_outer": 10
      },
      "motion": {
        "enabled": true,
        "alpha_pred": 1.0
      },
      "multiscale": {
        "enabled": true,
        "ks": [
          2,
          3,
          5
        ],
        "lambda_temp": {
          "2": 0.1,
          "3": 0.05,
          "5": 0.02
        },
        "n_rounds": 2,
        "norm": "raw",
        "line_search": true,
        "jump_r_max_scale": 1.0
      },
      "graph": {
        "theta_gamma_frac": null,
        "theta_gamma": 1.1077402637741964e-16,
        "theta_c": 725.1141667060132,
        "cand_topk": 0,
        "ctx_window": 2,
        "bridge": true,
        "bridge_gap": 2,
        "bridge_scope": "missing_only",
        "intra_knn": 4,
        "intra_enabled": true,
        "context_enabled": true,
        "use_ot_candidates": true,
        "use_ot_features": true,
        "use_intra_similarity": true
      },
      "node": {
        "f_source": "encoder_npz"
      },
      "motion_initialization": {
        "theta_gamma_frac": null,
        "theta_gamma": 1.1077402637741964e-16,
        "theta_c": 725.1141667060132,
        "eta_death": 0.01703500808826654,
        "eta_birth": 0.01840185258378078,
        "mass_threshold_mode": "absolute",
        "birth_death_enabled": true,
        "death_veto": true,
        "birth_veto": true,
        "division_enabled": true,
        "volume_conservation": true,
        "div_ratio": 0.05,
        "vol_tol": 0.5,
        "max_children": 2,
        "tau_edge": 0.5,
        "hole_policy": "fill",
        "filter_isolated": false,
        "mark_uncertainty": true
      },
      "schema": "ideas-v2",
      "detection_source": "nnunet_pred",
      "label_mapping": "ctc_full_marker_majority_v2",
      "encoder": {
        "schema": "encoder_centroid_v1",
        "model_sha256": "f5388fb1eb4159b26f6976882f2204072378e7c15938a6a68f00aa0d95defdfd",
        "stage": 2,
        "feature_dim": 128,
        "aggregation": "mean_of_overlapping_tile_centroid_samples"
      }
    }
  }
}
