[14:10:16] experiment P7_ideas_ablate_ot_loss_seed20261008_train start: ideas GNN 独立训练
[epoch   1] P=0.8287 R=0.8393 F1=0.8340
[epoch   2] P=0.8579 R=0.7866 F1=0.8207
[epoch   3] P=0.8557 R=0.8280 F1=0.8416
[epoch   4] P=0.7797 R=0.9231 F1=0.8454
[epoch   5] P=0.7910 R=0.9260 F1=0.8532
[epoch   6] P=0.9519 R=0.7659 F1=0.8488
[epoch   7] P=0.8888 R=0.8971 F1=0.8929
[epoch   8] P=0.9222 R=0.8792 F1=0.9002
[epoch   9] P=0.9613 R=0.8127 F1=0.8808
[epoch  10] P=0.9291 R=0.8516 F1=0.8887
[epoch  11] P=0.9220 R=0.8854 F1=0.9033
[epoch  12] P=0.9515 R=0.8401 F1=0.8923
[epoch  13] P=0.9481 R=0.8155 F1=0.8768
[epoch  14] P=0.9028 R=0.8879 F1=0.8953
[epoch  15] P=0.9349 R=0.8806 F1=0.9069
[epoch  16] P=0.9453 R=0.8594 F1=0.9003
[epoch  17] P=0.9502 R=0.8523 F1=0.8986
[epoch  18] P=0.9692 R=0.8115 F1=0.8834
[epoch  19] P=0.9484 R=0.8693 F1=0.9071
[epoch  20] P=0.9616 R=0.8466 F1=0.9004
[epoch  21] P=0.9464 R=0.8686 F1=0.9058
[epoch  22] P=0.9562 R=0.8681 F1=0.9100
[epoch  23] P=0.9793 R=0.7625 F1=0.8574
[epoch  24] P=0.9600 R=0.8433 F1=0.8978
[epoch  25] P=0.9369 R=0.8895 F1=0.9126
[epoch  26] P=0.9792 R=0.7843 F1=0.8710
[epoch  27] P=0.9391 R=0.8547 F1=0.8949
[epoch  28] P=0.9694 R=0.8310 F1=0.8949
[epoch  29] P=0.9601 R=0.8521 F1=0.9029
[epoch  30] P=0.9367 R=0.8770 F1=0.9059
[epoch  31] P=0.9666 R=0.8442 F1=0.9013
[epoch  32] P=0.9510 R=0.8669 F1=0.9070
[epoch  33] P=0.9550 R=0.8636 F1=0.9070
[epoch  34] P=0.9375 R=0.8537 F1=0.8936
[epoch  35] P=0.9423 R=0.8825 F1=0.9114
[epoch  36] P=0.9510 R=0.8732 F1=0.9104
[epoch  37] P=0.9513 R=0.8563 F1=0.9013
[epoch  38] P=0.9649 R=0.8349 F1=0.8952
[epoch  39] P=0.9611 R=0.8479 F1=0.9010
[epoch  40] P=0.9425 R=0.8847 F1=0.9127
[epoch  41] P=0.9498 R=0.8691 F1=0.9077
[epoch  42] P=0.9520 R=0.8800 F1=0.9146
[epoch  43] P=0.9321 R=0.8915 F1=0.9114
[epoch  44] P=0.9539 R=0.8492 F1=0.8985
[epoch  45] P=0.9456 R=0.8784 F1=0.9108
[epoch  46] P=0.9438 R=0.8914 F1=0.9169
[epoch  47] P=0.9511 R=0.8700 F1=0.9087
[epoch  48] P=0.9553 R=0.8690 F1=0.9101
[epoch  49] P=0.9645 R=0.8581 F1=0.9082
[epoch  50] P=0.9477 R=0.8883 F1=0.9170
[epoch  51] P=0.9573 R=0.8742 F1=0.9139
[epoch  52] P=0.9565 R=0.8737 F1=0.9132
[epoch  53] P=0.9267 R=0.9017 F1=0.9140
[epoch  54] P=0.9544 R=0.8554 F1=0.9022
[epoch  55] P=0.9215 R=0.9079 F1=0.9146
[epoch  56] P=0.9407 R=0.8608 F1=0.8990
[epoch  57] P=0.9609 R=0.8389 F1=0.8958
[epoch  58] P=0.9426 R=0.8854 F1=0.9131
[epoch  59] P=0.9551 R=0.8453 F1=0.8969
[epoch  60] P=0.9255 R=0.9069 F1=0.9161
[14:10:56] metrics -> /root/autodl-tmp/CellTracker_rebuild_20261008/experiments/P7_ideas_ablate_ot_loss_seed20261008_train/metrics.json
[14:10:56] experiment P7_ideas_ablate_ot_loss_seed20261008_train finished: done
{
  "out_dir": "/root/autodl-tmp/CellTracker_rebuild_20261008/experiments/P7_ideas_ablation_matrix_20261009/models/ot_loss/seed20261008",
  "best_f1": 0.9170378346630121,
  "node_dim": 133,
  "edge_dim": 10,
  "split_mode": "block",
  "n_train": 152,
  "n_val": 38,
  "checkpoints": {
    "best.pt": {
      "bytes": 1174814,
      "sha256": "2d662880ab1433ccee389fc5b5a587298d1e4eb0aedc9de392bac93d5fcf65a5"
    },
    "last.pt": {
      "bytes": 1185470,
      "sha256": "157273323dca744cbaee7a98b736c23f16d26eacf9d444aa35eec2d6139b7642"
    }
  }
}
