[13:53:21] experiment P7_ideas_ablate_tracklet_seed20261008_train start: ideas GNN 独立训练
[epoch   1] P=0.8610 R=0.7615 F1=0.8082
[epoch   2] P=0.8612 R=0.7728 F1=0.8146
[epoch   3] P=0.8992 R=0.7025 F1=0.7888
[epoch   4] P=0.8901 R=0.7603 F1=0.8201
[epoch   5] P=0.9253 R=0.7170 F1=0.8079
[epoch   6] P=0.9734 R=0.5806 F1=0.7274
[epoch   7] P=0.9514 R=0.7275 F1=0.8245
[epoch   8] P=0.9745 R=0.6672 F1=0.7921
[epoch   9] P=0.9623 R=0.6889 F1=0.8029
[epoch  10] P=0.9667 R=0.7162 F1=0.8228
[epoch  11] P=0.9610 R=0.7480 F1=0.8412
[epoch  12] P=0.9684 R=0.7441 F1=0.8415
[epoch  13] P=0.9734 R=0.7170 F1=0.8257
[epoch  14] P=0.9802 R=0.7039 F1=0.8194
[epoch  15] P=0.9798 R=0.6958 F1=0.8138
[epoch  16] P=0.9685 R=0.7825 F1=0.8656
[epoch  17] P=0.9773 R=0.7375 F1=0.8406
[epoch  18] P=0.9732 R=0.7324 F1=0.8358
[epoch  19] P=0.9735 R=0.7414 F1=0.8417
[epoch  20] P=0.9669 R=0.7722 F1=0.8587
[epoch  21] P=0.9781 R=0.7207 F1=0.8299
[epoch  22] P=0.9844 R=0.6925 F1=0.8130
[epoch  23] P=0.9842 R=0.6894 F1=0.8108
[epoch  24] P=0.9780 R=0.7436 F1=0.8449
[epoch  25] P=0.9816 R=0.7218 F1=0.8319
[epoch  26] P=0.9863 R=0.6896 F1=0.8117
[epoch  27] P=0.9858 R=0.6714 F1=0.7988
[epoch  28] P=0.9747 R=0.7551 F1=0.8509
[epoch  29] P=0.9775 R=0.7280 F1=0.8345
[epoch  30] P=0.9702 R=0.7666 F1=0.8565
[epoch  31] P=0.9737 R=0.7579 F1=0.8524
[epoch  32] P=0.9811 R=0.7219 F1=0.8317
[epoch  33] P=0.9789 R=0.7226 F1=0.8315
[epoch  34] P=0.9823 R=0.6966 F1=0.8151
[epoch  35] P=0.9830 R=0.7129 F1=0.8264
[epoch  36] P=0.9788 R=0.7356 F1=0.8400
[epoch  37] P=0.9724 R=0.7614 F1=0.8541
[epoch  38] P=0.9770 R=0.7507 F1=0.8491
[epoch  39] P=0.9825 R=0.6988 F1=0.8168
[epoch  40] P=0.9700 R=0.7747 F1=0.8614
[epoch  41] P=0.9749 R=0.7260 F1=0.8322
[epoch  42] P=0.9715 R=0.7604 F1=0.8531
[epoch  43] P=0.9824 R=0.6863 F1=0.8081
[epoch  44] P=0.9704 R=0.7823 F1=0.8662
[epoch  45] P=0.9828 R=0.7034 F1=0.8199
[epoch  46] P=0.9720 R=0.7701 F1=0.8593
[epoch  47] P=0.9840 R=0.6997 F1=0.8178
[epoch  48] P=0.9733 R=0.7597 F1=0.8533
[epoch  49] P=0.9856 R=0.6764 F1=0.8022
[epoch  50] P=0.9779 R=0.7299 F1=0.8359
[epoch  51] P=0.9725 R=0.7443 F1=0.8432
[epoch  52] P=0.9779 R=0.7498 F1=0.8488
[epoch  53] P=0.9830 R=0.7012 F1=0.8185
[epoch  54] P=0.9812 R=0.7078 F1=0.8223
[epoch  55] P=0.9567 R=0.7976 F1=0.8700
[epoch  56] P=0.9637 R=0.7763 F1=0.8599
[epoch  57] P=0.9833 R=0.7022 F1=0.8193
[epoch  58] P=0.9678 R=0.7712 F1=0.8584
[epoch  59] P=0.9783 R=0.7297 F1=0.8359
[epoch  60] P=0.9733 R=0.7566 F1=0.8514
[13:54:03] metrics -> /root/autodl-tmp/CellTracker_rebuild_20261008/experiments/P7_ideas_ablate_tracklet_seed20261008_train/metrics.json
[13:54:03] experiment P7_ideas_ablate_tracklet_seed20261008_train finished: done
{
  "out_dir": "/root/autodl-tmp/CellTracker_rebuild_20261008/experiments/P7_ideas_ablation_matrix_20261009/models/tracklet/seed20261008",
  "best_f1": 0.8699519106468795,
  "node_dim": 133,
  "edge_dim": 10,
  "split_mode": "block",
  "n_train": 152,
  "n_val": 38,
  "checkpoints": {
    "best.pt": {
      "bytes": 1175454,
      "sha256": "a62c6d338448477b860f557a3649c4306e357b16dbc45bff53cb809e7fba4b7e"
    },
    "last.pt": {
      "bytes": 1185406,
      "sha256": "983f9fb5514d8ee60f44662b918a247820cd13102d568a1671e2955c7cc7b22f"
    }
  }
}
