{"encoder_complete": "01", "bytes": 11628042}
{"encoder_complete": "02", "bytes": 10870347}
[P8_gt_marker_encoder_conservative_baseline_calibration01] start
[P8_gt_marker_encoder_conservative_baseline_calibration01] complete
[P8_gt_marker_encoder_conservative_baseline_build01] start
[P8_gt_marker_encoder_conservative_baseline_build01] complete
{"lambda_times_true_cost_p999": 0.03827490530000012, "candidate_recall": 0.9999579796621565, "division_recall": 1.0}
[P8_gt_marker_encoder_conservative_baseline_seed20261008_train] start
[P8_gt_marker_encoder_conservative_baseline_seed20261008_train] complete
[P8_gt_marker_encoder_conservative_baseline_seed20261008_eval01] start
[P8_gt_marker_encoder_conservative_baseline_seed20261008_eval01] complete
[P8_gt_marker_encoder_conservative_baseline_seed20261008_eval02] start
[P8_gt_marker_encoder_conservative_baseline_seed20261008_eval02] complete
[P8_gt_marker_encoder_conservative_baseline_seed20261009_train] start
[P8_gt_marker_encoder_conservative_baseline_seed20261009_train] complete
[P8_gt_marker_encoder_conservative_baseline_seed20261009_eval01] start
[P8_gt_marker_encoder_conservative_baseline_seed20261009_eval01] complete
[P8_gt_marker_encoder_conservative_baseline_seed20261009_eval02] start
[P8_gt_marker_encoder_conservative_baseline_seed20261009_eval02] complete
[P8_gt_marker_encoder_conservative_baseline_seed20261008_eval02_repeat] start
[P8_gt_marker_encoder_conservative_baseline_seed20261008_eval02_repeat] complete
GT marker Oracle + encoder: complete
