[23:03:30] experiment E1.2_baseline_greedy start: 经典基线 greedy
[23:03:30] frames=92 mean objects/frame=9.8 cfg={'method': 'greedy', 'max_dist': 30.0, 'use_velocity': False, 'velocity_weight': 1.0, 'size_weight': 0.0, 'size_sigma': 1.0, 'detect_division': True, 'division_max_dist': 45.0}
[23:03:30] predicted tracks=27
[23:03:32] metrics -> /home/henry/ot_idea/CellTracker/experiments/E1.2_baseline_greedy/metrics.json
[23:03:32] SEG=0.0000 matched=905 FN=0 FP=0 IDsw=0 frag=0 detR=1.000 detP=1.000
[23:03:40] 官方指标: /home/henry/miniconda3/envs/celltracker/bin/python /home/henry/ot_idea/CellTracker/scripts/cloud_eval.py --res-dir /home/henry/ot_idea/CellTracker/experiments/E1.2_baseline_greedy/artifacts/submission/01_RES --dataset Fluo-N3DH-CHO --seq 01 --out /home/henry/ot_idea/CellTracker/experiments/E1.2_baseline_greedy/metrics_official_01.json
[23:03:53] [cloud] {"host": "root@connect.westc.seetacloud.com:10505", "tag": "Fluo-N3DH-CHO_01_20260915-230340", "remote_dir": "/root/autodl-tmp/celltracker/eval/Fluo-N3DH-CHO_01_20260915-230340", "dataset": "Fluo-N3DH-CHO", "seq": "01", "res_dir": "/home/henry/ot_idea/CellTracker/experiments/E1.2_baseline_greedy/artifacts/submission/01_RES"}
[1/3] 上传 0.3 MB ...
[2/3] 运行官方评测 ...

=== SEGMeasure ===
SEG measure: 0.000000
=== DETMeasure ===
DET measure: 1.000000
=== TRAMeasure ===
TRA measure: 0.998555
=== logs ===
/root/autodl-tmp/celltracker/eval/Fluo-N3DH-CHO_01_20260915-230340/Fluo-N3DH-CHO/01_RES/DET_log.txt
/root/autodl-tmp/celltracker/eval/Fluo-N3DH-CHO_01_20260915-230340/Fluo-N3DH-CHO/01_RES/SEG_log.txt
/root/autodl-tmp/celltracker/eval/Fluo-N3DH-CHO_01_20260915-230340/Fluo-N3DH-CHO/01_RES/TRA_log.txt
/root/autodl-tmp/celltracker/eval/Fluo-N3DH-CHO_01_20260915-230340/Fluo-N3DH-CHO/01_RES/res_track.txt

      日志 -> /home/henry/ot_idea/CellTracker/experiments/E1.2_baseline_greedy/official_logs/SEG_log.txt
      日志 -> /home/henry/ot_idea/CellTracker/experiments/E1.2_baseline_greedy/official_logs/DET_log.txt
      日志 -> /home/henry/ot_idea/CellTracker/experiments/E1.2_baseline_greedy/official_logs/TRA_log.txt
[3/3] 指标: SEG=0.0 DET=1.0 TRA=0.998555
      -> /home/henry/ot_idea/CellTracker/experiments/E1.2_baseline_greedy/metrics_official_01.json

[23:03:53] experiment E1.2_baseline_greedy finished: done
