{"profile": "paper_all_k0", "lambda_times_true_cost_p999": 0.0713267558306415}
[P7_ideas_v3_paper_all_k0_baseline_seed20261008_train] start
[P7_ideas_v3_paper_all_k0_baseline_seed20261008_train] complete
[P7_ideas_v3_paper_all_k0_baseline_seed20261008_eval01] start
[P7_ideas_v3_paper_all_k0_baseline_seed20261008_eval01] complete
[P7_ideas_v3_paper_all_k0_baseline_seed20261008_eval02] start
[P7_ideas_v3_paper_all_k0_baseline_seed20261008_eval02] complete
[P7_ideas_v3_paper_all_k0_baseline_seed20261009_train] start
[P7_ideas_v3_paper_all_k0_baseline_seed20261009_train] complete
[P7_ideas_v3_paper_all_k0_baseline_seed20261009_eval01] start
[P7_ideas_v3_paper_all_k0_baseline_seed20261009_eval01] complete
[P7_ideas_v3_paper_all_k0_baseline_seed20261009_eval02] start
[P7_ideas_v3_paper_all_k0_baseline_seed20261009_eval02] complete
[P7_ideas_v3_paper_all_k0_baseline_seed20261008_eval02_repeat] start
[P7_ideas_v3_paper_all_k0_baseline_seed20261008_eval02_repeat] complete
{"profile": "conservative_k0", "lambda_times_true_cost_p999": 0.0713267558306415}
[P7_ideas_v3_conservative_k0_baseline_seed20261008_train] start
[P7_ideas_v3_conservative_k0_baseline_seed20261008_train] complete
[P7_ideas_v3_conservative_k0_baseline_seed20261008_eval01] start
[P7_ideas_v3_conservative_k0_baseline_seed20261008_eval01] complete
[P7_ideas_v3_conservative_k0_baseline_seed20261008_eval02] start
[P7_ideas_v3_conservative_k0_baseline_seed20261008_eval02] complete
[P7_ideas_v3_conservative_k0_baseline_seed20261009_train] start
[P7_ideas_v3_conservative_k0_baseline_seed20261009_train] complete
[P7_ideas_v3_conservative_k0_baseline_seed20261009_eval01] start
[P7_ideas_v3_conservative_k0_baseline_seed20261009_eval01] complete
[P7_ideas_v3_conservative_k0_baseline_seed20261009_eval02] start
[P7_ideas_v3_conservative_k0_baseline_seed20261009_eval02] complete
[P7_ideas_v3_conservative_k0_baseline_seed20261008_eval02_repeat] start
[P7_ideas_v3_conservative_k0_baseline_seed20261008_eval02_repeat] complete
[P7_ideas_v3_conservative_k16_baseline_calibration01] start
[P7_ideas_v3_conservative_k16_baseline_calibration01] complete
[P7_ideas_v3_conservative_k16_baseline_build01] start
[P7_ideas_v3_conservative_k16_baseline_build01] complete
{"profile": "conservative_k16", "lambda_times_true_cost_p999": 0.05772828135403646}
[P7_ideas_v3_conservative_k16_baseline_seed20261008_train] start
[P7_ideas_v3_conservative_k16_baseline_seed20261008_train] complete
[P7_ideas_v3_conservative_k16_baseline_seed20261008_eval01] start
[P7_ideas_v3_conservative_k16_baseline_seed20261008_eval01] complete
[P7_ideas_v3_conservative_k16_baseline_seed20261008_eval02] start
[P7_ideas_v3_conservative_k16_baseline_seed20261008_eval02] complete
[P7_ideas_v3_conservative_k16_baseline_seed20261009_train] start
[P7_ideas_v3_conservative_k16_baseline_seed20261009_train] complete
[P7_ideas_v3_conservative_k16_baseline_seed20261009_eval01] start
[P7_ideas_v3_conservative_k16_baseline_seed20261009_eval01] complete
[P7_ideas_v3_conservative_k16_baseline_seed20261009_eval02] start
[P7_ideas_v3_conservative_k16_baseline_seed20261009_eval02] complete
[P7_ideas_v3_conservative_k16_baseline_seed20261008_eval02_repeat] start
[P7_ideas_v3_conservative_k16_baseline_seed20261008_eval02_repeat] complete
