[23:54:00] experiment E1.3_CE01_hungarian start: 经典基线 hungarian
[23:54:00] frames=195 mean objects/frame=122.1 cfg={'method': 'hungarian', 'max_dist': 30.0, 'use_velocity': False, 'velocity_weight': 1.0, 'size_weight': 0.0, 'size_sigma': 1.0, 'detect_division': True, 'division_max_dist': 45.0}
[23:54:00] predicted tracks=371
[23:54:31] 提交目录 -> /home/henry/ot_idea/CellTracker/experiments/E1.3_CE01_hungarian/artifacts/submission/01_RES（195 帧，MIP 参考帧 97）
[23:54:31] metrics -> /home/henry/ot_idea/CellTracker/experiments/E1.3_CE01_hungarian/metrics.json
[23:54:31] SEG=0.0000 matched=23802 FN=0 FP=0 IDsw=459 frag=107 detR=1.000 detP=1.000
[23:54:32] 官方指标: /home/henry/miniconda3/envs/celltracker/bin/python /home/henry/ot_idea/CellTracker/scripts/cloud_eval.py --res-dir /home/henry/ot_idea/CellTracker/experiments/E1.3_CE01_hungarian/artifacts/submission/01_RES --dataset Fluo-N3DH-CE --seq 01 --out /home/henry/ot_idea/CellTracker/experiments/E1.3_CE01_hungarian/metrics_official_01.json
[23:57:11] [cloud] {"host": "root@connect.westc.seetacloud.com:10505", "tag": "Fluo-N3DH-CE_01_20260915-235432", "remote_dir": "/root/autodl-tmp/celltracker/eval/Fluo-N3DH-CE_01_20260915-235432", "dataset": "Fluo-N3DH-CE", "seq": "01", "res_dir": "/home/henry/ot_idea/CellTracker/experiments/E1.3_CE01_hungarian/artifacts/submission/01_RES"}
[1/3] 上传 5.3 MB ...
[2/3] 运行官方评测 ...

=== SEGMeasure ===
SEG measure: 0.000000
=== DETMeasure ===
DET measure: 1.000000
=== TRAMeasure ===
TRA measure: 0.995594
=== logs ===
/root/autodl-tmp/celltracker/eval/Fluo-N3DH-CE_01_20260915-235432/Fluo-N3DH-CE/01_RES/DET_log.txt
/root/autodl-tmp/celltracker/eval/Fluo-N3DH-CE_01_20260915-235432/Fluo-N3DH-CE/01_RES/SEG_log.txt
/root/autodl-tmp/celltracker/eval/Fluo-N3DH-CE_01_20260915-235432/Fluo-N3DH-CE/01_RES/TRA_log.txt
/root/autodl-tmp/celltracker/eval/Fluo-N3DH-CE_01_20260915-235432/Fluo-N3DH-CE/01_RES/res_track.txt

      日志 -> /home/henry/ot_idea/CellTracker/experiments/E1.3_CE01_hungarian/official_logs/SEG_log.txt
      日志 -> /home/henry/ot_idea/CellTracker/experiments/E1.3_CE01_hungarian/official_logs/DET_log.txt
      日志 -> /home/henry/ot_idea/CellTracker/experiments/E1.3_CE01_hungarian/official_logs/TRA_log.txt
[3/3] 指标: SEG=0.0 DET=1.0 TRA=0.995594
      -> /home/henry/ot_idea/CellTracker/experiments/E1.3_CE01_hungarian/metrics_official_01.json

[23:57:11] experiment E1.3_CE01_hungarian finished: done
