[22:12:08] experiment E1.4_CE02_hungarian start: 经典基线 hungarian
[22:12:08] frames=190 mean objects/frame=118.0 cfg={'method': 'hungarian', 'max_dist': 30.0, 'use_velocity': False, 'velocity_weight': 1.0, 'size_weight': 0.0, 'size_sigma': 1.0, 'detect_division': True, 'division_max_dist': 45.0}
[22:12:08] predicted tracks=399
[22:12:38] 提交目录 -> /home/henry/ot_idea/CellTracker/experiments/E1.4_CE02_hungarian/artifacts/submission/02_RES（190 帧，MIP 参考帧 95）
[22:12:39] metrics -> /home/henry/ot_idea/CellTracker/experiments/E1.4_CE02_hungarian/metrics.json
[22:12:39] SEG=0.0000 matched=22418 FN=0 FP=0 IDsw=473 frag=138 detR=1.000 detP=1.000
[22:12:39] 官方指标: /home/henry/miniconda3/envs/celltracker/bin/python /home/henry/ot_idea/CellTracker/scripts/cloud_eval.py --res-dir /home/henry/ot_idea/CellTracker/experiments/E1.4_CE02_hungarian/artifacts/submission/02_RES --dataset Fluo-N3DH-CE --seq 02 --out /home/henry/ot_idea/CellTracker/experiments/E1.4_CE02_hungarian/metrics_official_02.json
[22:13:25] t on device
tar: 02_RES/mask167.tif: Cannot open: No space left on device
tar: 02_RES/mask168.tif: Cannot open: No space left on device
tar: 02_RES/mask169.tif: Cannot open: No space left on device
tar: 02_RES/mask170.tif: Cannot open: No space left on device
tar: 02_RES/mask171.tif: Cannot open: No space left on device
tar: 02_RES/mask172.tif: Cannot open: No space left on device
tar: 02_RES/mask173.tif: Cannot open: No space left on device
tar: 02_RES/mask174.tif: Cannot open: No space left on device
tar: 02_RES/mask175.tif: Cannot open: No space left on device
tar: 02_RES/mask176.tif: Cannot open: No space left on device
tar: 02_RES/mask177.tif: Cannot open: No space left on device
tar: 02_RES/mask178.tif: Cannot open: No space left on device
tar: 02_RES/mask179.tif: Cannot open: No space left on device
tar: 02_RES/mask180.tif: Cannot open: No space left on device
tar: 02_RES/mask181.tif: Cannot open: No space left on device
tar: 02_RES/mask182.tif: Cannot open: No space left on device
tar: 02_RES/mask183.tif: Cannot open: No space left on device
tar: 02_RES/mask184.tif: Cannot open: No space left on device
tar: 02_RES/mask185.tif: Cannot open: No space left on device
tar: 02_RES/mask186.tif: Cannot open: No space left on device
tar: 02_RES/mask187.tif: Cannot open: No space left on device
tar: 02_RES/mask188.tif: Cannot open: No space left on device
tar: 02_RES/mask189.tif: Cannot open: No space left on device
tar: 02_RES/res_track.txt: Cannot open: No space left on device
tar: Exiting with failure status due to previous errors

      日志 -> /home/henry/ot_idea/CellTracker/experiments/E1.4_CE02_hungarian/official_logs/SEG_log.txt
      日志 -> /home/henry/ot_idea/CellTracker/experiments/E1.4_CE02_hungarian/official_logs/DET_log.txt
      日志 -> /home/henry/ot_idea/CellTracker/experiments/E1.4_CE02_hungarian/official_logs/TRA_log.txt
[3/3] 指标: SEG=None DET=None TRA=None
      -> /home/henry/ot_idea/CellTracker/experiments/E1.4_CE02_hungarian/metrics_official_02.json

[22:13:25] experiment E1.4_CE02_hungarian finished: done
